[1.075s] Invoking command in '/home/rafiq/ros2_ws/src/talker_listener': PYTHONPATH=/home/rafiq/ros2_ws/build/talker_listener/prefix_override:/usr/lib/python3/dist-packages/colcon_core/task/python/colcon_distutils_commands:/home/rafiq/ros2_ws/install/talker_listener/lib/python3.10/site-packages:${PYTHONPATH} /usr/bin/python3 -W ignore:setup.py install is deprecated -W ignore:easy_install command is deprecated setup.py egg_info --egg-base ../../build/talker_listener build --build-base /home/rafiq/ros2_ws/build/talker_listener/build install --record /home/rafiq/ros2_ws/build/talker_listener/install.log --single-version-externally-managed install_data
[1.371s] running egg_info
[1.372s] creating ../../build/talker_listener/talker_listener.egg-info
[1.372s] writing ../../build/talker_listener/talker_listener.egg-info/PKG-INFO
[1.372s] writing dependency_links to ../../build/talker_listener/talker_listener.egg-info/dependency_links.txt
[1.372s] writing entry points to ../../build/talker_listener/talker_listener.egg-info/entry_points.txt
[1.372s] writing requirements to ../../build/talker_listener/talker_listener.egg-info/requires.txt
[1.372s] writing top-level names to ../../build/talker_listener/talker_listener.egg-info/top_level.txt
[1.372s] writing manifest file '../../build/talker_listener/talker_listener.egg-info/SOURCES.txt'
[1.372s] reading manifest file '../../build/talker_listener/talker_listener.egg-info/SOURCES.txt'
[1.372s] writing manifest file '../../build/talker_listener/talker_listener.egg-info/SOURCES.txt'
[1.372s] running build
[1.372s] running build_py
[1.372s] creating /home/rafiq/ros2_ws/build/talker_listener/build
[1.372s] creating /home/rafiq/ros2_ws/build/talker_listener/build/lib
[1.373s] creating /home/rafiq/ros2_ws/build/talker_listener/build/lib/talker_listener
[1.373s] copying talker_listener/listener.py -> /home/rafiq/ros2_ws/build/talker_listener/build/lib/talker_listener
[1.377s] copying talker_listener/talker.py -> /home/rafiq/ros2_ws/build/talker_listener/build/lib/talker_listener
[1.377s] copying talker_listener/__init__.py -> /home/rafiq/ros2_ws/build/talker_listener/build/lib/talker_listener
[1.380s] running install
[1.381s] running install_lib
[1.389s] creating /home/rafiq/ros2_ws/install/talker_listener/lib/python3.10/site-packages/talker_listener
[1.389s] copying /home/rafiq/ros2_ws/build/talker_listener/build/lib/talker_listener/listener.py -> /home/rafiq/ros2_ws/install/talker_listener/lib/python3.10/site-packages/talker_listener
[1.389s] copying /home/rafiq/ros2_ws/build/talker_listener/build/lib/talker_listener/talker.py -> /home/rafiq/ros2_ws/install/talker_listener/lib/python3.10/site-packages/talker_listener
[1.393s] copying /home/rafiq/ros2_ws/build/talker_listener/build/lib/talker_listener/__init__.py -> /home/rafiq/ros2_ws/install/talker_listener/lib/python3.10/site-packages/talker_listener
[1.461s] byte-compiling /home/rafiq/ros2_ws/install/talker_listener/lib/python3.10/site-packages/talker_listener/listener.py to listener.cpython-310.pyc
[1.462s] byte-compiling /home/rafiq/ros2_ws/install/talker_listener/lib/python3.10/site-packages/talker_listener/talker.py to talker.cpython-310.pyc
[1.462s] byte-compiling /home/rafiq/ros2_ws/install/talker_listener/lib/python3.10/site-packages/talker_listener/__init__.py to __init__.cpython-310.pyc
[1.462s] running install_data
[1.462s] creating /home/rafiq/ros2_ws/install/talker_listener/share/ament_index
[1.462s] creating /home/rafiq/ros2_ws/install/talker_listener/share/ament_index/resource_index
[1.462s] creating /home/rafiq/ros2_ws/install/talker_listener/share/ament_index/resource_index/packages
[1.462s] copying resource/talker_listener -> /home/rafiq/ros2_ws/install/talker_listener/share/ament_index/resource_index/packages
[1.462s] copying package.xml -> /home/rafiq/ros2_ws/install/talker_listener/share/talker_listener
[1.462s] running install_egg_info
[1.462s] Copying ../../build/talker_listener/talker_listener.egg-info to /home/rafiq/ros2_ws/install/talker_listener/lib/python3.10/site-packages/talker_listener-0.0.0-py3.10.egg-info
[1.462s] running install_scripts
[1.462s] Installing listener script to /home/rafiq/ros2_ws/install/talker_listener/lib/talker_listener
[1.462s] Installing talker script to /home/rafiq/ros2_ws/install/talker_listener/lib/talker_listener
[1.462s] writing list of installed files to '/home/rafiq/ros2_ws/build/talker_listener/install.log'
[1.470s] Invoked command in '/home/rafiq/ros2_ws/src/talker_listener' returned '0': PYTHONPATH=/home/rafiq/ros2_ws/build/talker_listener/prefix_override:/usr/lib/python3/dist-packages/colcon_core/task/python/colcon_distutils_commands:/home/rafiq/ros2_ws/install/talker_listener/lib/python3.10/site-packages:${PYTHONPATH} /usr/bin/python3 -W ignore:setup.py install is deprecated -W ignore:easy_install command is deprecated setup.py egg_info --egg-base ../../build/talker_listener build --build-base /home/rafiq/ros2_ws/build/talker_listener/build install --record /home/rafiq/ros2_ws/build/talker_listener/install.log --single-version-externally-managed install_data
