[1.894s] Invoking command in '/home/rafiq/ros2_ws/src/ROS-TCP-Endpoint': PYTHONPATH=/home/rafiq/ros2_ws/build/ros_tcp_endpoint/prefix_override:/usr/lib/python3/dist-packages/colcon_core/task/python/colcon_distutils_commands:/home/rafiq/ros2_ws/install/ros_tcp_endpoint/lib/python3.10/site-packages:${PYTHONPATH} /usr/bin/python3 -W ignore:setup.py install is deprecated -W ignore:easy_install command is deprecated setup.py egg_info --egg-base ../../build/ros_tcp_endpoint build --build-base /home/rafiq/ros2_ws/build/ros_tcp_endpoint/build install --record /home/rafiq/ros2_ws/build/ros_tcp_endpoint/install.log --install-scripts $base/lib/ros_tcp_endpoint --single-version-externally-managed install_data
[2.476s] /usr/lib/python3/dist-packages/setuptools/dist.py:723: UserWarning: Usage of dash-separated 'script-dir' will not be supported in future versions. Please use the underscore name 'script_dir' instead
[2.492s]   warnings.warn(
[2.563s] running egg_info
[2.563s] creating ../../build/ros_tcp_endpoint/ros_tcp_endpoint.egg-info
[2.563s] writing ../../build/ros_tcp_endpoint/ros_tcp_endpoint.egg-info/PKG-INFO
[2.563s] writing dependency_links to ../../build/ros_tcp_endpoint/ros_tcp_endpoint.egg-info/dependency_links.txt
[2.564s] writing entry points to ../../build/ros_tcp_endpoint/ros_tcp_endpoint.egg-info/entry_points.txt
[2.564s] writing requirements to ../../build/ros_tcp_endpoint/ros_tcp_endpoint.egg-info/requires.txt
[2.564s] writing top-level names to ../../build/ros_tcp_endpoint/ros_tcp_endpoint.egg-info/top_level.txt
[2.564s] writing manifest file '../../build/ros_tcp_endpoint/ros_tcp_endpoint.egg-info/SOURCES.txt'
[2.564s] reading manifest file '../../build/ros_tcp_endpoint/ros_tcp_endpoint.egg-info/SOURCES.txt'
[2.564s] adding license file 'LICENSE'
[2.564s] writing manifest file '../../build/ros_tcp_endpoint/ros_tcp_endpoint.egg-info/SOURCES.txt'
[2.564s] running build
[2.564s] running build_py
[2.564s] creating /home/rafiq/ros2_ws/build/ros_tcp_endpoint/build
[2.564s] creating /home/rafiq/ros2_ws/build/ros_tcp_endpoint/build/lib
[2.564s] creating /home/rafiq/ros2_ws/build/ros_tcp_endpoint/build/lib/ros_tcp_endpoint
[2.564s] copying ros_tcp_endpoint/communication.py -> /home/rafiq/ros2_ws/build/ros_tcp_endpoint/build/lib/ros_tcp_endpoint
[2.564s] copying ros_tcp_endpoint/unity_service.py -> /home/rafiq/ros2_ws/build/ros_tcp_endpoint/build/lib/ros_tcp_endpoint
[2.585s] copying ros_tcp_endpoint/thread_pauser.py -> /home/rafiq/ros2_ws/build/ros_tcp_endpoint/build/lib/ros_tcp_endpoint
[2.585s] copying ros_tcp_endpoint/exceptions.py -> /home/rafiq/ros2_ws/build/ros_tcp_endpoint/build/lib/ros_tcp_endpoint
[2.586s] copying ros_tcp_endpoint/server.py -> /home/rafiq/ros2_ws/build/ros_tcp_endpoint/build/lib/ros_tcp_endpoint
[2.588s] copying ros_tcp_endpoint/client.py -> /home/rafiq/ros2_ws/build/ros_tcp_endpoint/build/lib/ros_tcp_endpoint
[2.590s] copying ros_tcp_endpoint/service.py -> /home/rafiq/ros2_ws/build/ros_tcp_endpoint/build/lib/ros_tcp_endpoint
[2.596s] copying ros_tcp_endpoint/publisher.py -> /home/rafiq/ros2_ws/build/ros_tcp_endpoint/build/lib/ros_tcp_endpoint
[2.596s] copying ros_tcp_endpoint/default_server_endpoint.py -> /home/rafiq/ros2_ws/build/ros_tcp_endpoint/build/lib/ros_tcp_endpoint
[2.609s] copying ros_tcp_endpoint/tcp_sender.py -> /home/rafiq/ros2_ws/build/ros_tcp_endpoint/build/lib/ros_tcp_endpoint
[2.609s] copying ros_tcp_endpoint/subscriber.py -> /home/rafiq/ros2_ws/build/ros_tcp_endpoint/build/lib/ros_tcp_endpoint
[2.610s] copying ros_tcp_endpoint/__init__.py -> /home/rafiq/ros2_ws/build/ros_tcp_endpoint/build/lib/ros_tcp_endpoint
[2.639s] running install
[2.639s] running install_lib
[2.639s] creating /home/rafiq/ros2_ws/install/ros_tcp_endpoint/lib/python3.10/site-packages/ros_tcp_endpoint
[2.640s] copying /home/rafiq/ros2_ws/build/ros_tcp_endpoint/build/lib/ros_tcp_endpoint/communication.py -> /home/rafiq/ros2_ws/install/ros_tcp_endpoint/lib/python3.10/site-packages/ros_tcp_endpoint
[2.640s] copying /home/rafiq/ros2_ws/build/ros_tcp_endpoint/build/lib/ros_tcp_endpoint/unity_service.py -> /home/rafiq/ros2_ws/install/ros_tcp_endpoint/lib/python3.10/site-packages/ros_tcp_endpoint
[2.640s] copying /home/rafiq/ros2_ws/build/ros_tcp_endpoint/build/lib/ros_tcp_endpoint/thread_pauser.py -> /home/rafiq/ros2_ws/install/ros_tcp_endpoint/lib/python3.10/site-packages/ros_tcp_endpoint
[2.640s] copying /home/rafiq/ros2_ws/build/ros_tcp_endpoint/build/lib/ros_tcp_endpoint/exceptions.py -> /home/rafiq/ros2_ws/install/ros_tcp_endpoint/lib/python3.10/site-packages/ros_tcp_endpoint
[2.640s] copying /home/rafiq/ros2_ws/build/ros_tcp_endpoint/build/lib/ros_tcp_endpoint/server.py -> /home/rafiq/ros2_ws/install/ros_tcp_endpoint/lib/python3.10/site-packages/ros_tcp_endpoint
[2.640s] copying /home/rafiq/ros2_ws/build/ros_tcp_endpoint/build/lib/ros_tcp_endpoint/client.py -> /home/rafiq/ros2_ws/install/ros_tcp_endpoint/lib/python3.10/site-packages/ros_tcp_endpoint
[2.640s] copying /home/rafiq/ros2_ws/build/ros_tcp_endpoint/build/lib/ros_tcp_endpoint/service.py -> /home/rafiq/ros2_ws/install/ros_tcp_endpoint/lib/python3.10/site-packages/ros_tcp_endpoint
[2.640s] copying /home/rafiq/ros2_ws/build/ros_tcp_endpoint/build/lib/ros_tcp_endpoint/publisher.py -> /home/rafiq/ros2_ws/install/ros_tcp_endpoint/lib/python3.10/site-packages/ros_tcp_endpoint
[2.640s] copying /home/rafiq/ros2_ws/build/ros_tcp_endpoint/build/lib/ros_tcp_endpoint/default_server_endpoint.py -> /home/rafiq/ros2_ws/install/ros_tcp_endpoint/lib/python3.10/site-packages/ros_tcp_endpoint
[2.640s] copying /home/rafiq/ros2_ws/build/ros_tcp_endpoint/build/lib/ros_tcp_endpoint/tcp_sender.py -> /home/rafiq/ros2_ws/install/ros_tcp_endpoint/lib/python3.10/site-packages/ros_tcp_endpoint
[2.640s] copying /home/rafiq/ros2_ws/build/ros_tcp_endpoint/build/lib/ros_tcp_endpoint/subscriber.py -> /home/rafiq/ros2_ws/install/ros_tcp_endpoint/lib/python3.10/site-packages/ros_tcp_endpoint
[2.641s] copying /home/rafiq/ros2_ws/build/ros_tcp_endpoint/build/lib/ros_tcp_endpoint/__init__.py -> /home/rafiq/ros2_ws/install/ros_tcp_endpoint/lib/python3.10/site-packages/ros_tcp_endpoint
[2.641s] byte-compiling /home/rafiq/ros2_ws/install/ros_tcp_endpoint/lib/python3.10/site-packages/ros_tcp_endpoint/communication.py to communication.cpython-310.pyc
[2.641s] byte-compiling /home/rafiq/ros2_ws/install/ros_tcp_endpoint/lib/python3.10/site-packages/ros_tcp_endpoint/unity_service.py to unity_service.cpython-310.pyc
[2.641s] byte-compiling /home/rafiq/ros2_ws/install/ros_tcp_endpoint/lib/python3.10/site-packages/ros_tcp_endpoint/thread_pauser.py to thread_pauser.cpython-310.pyc
[2.641s] byte-compiling /home/rafiq/ros2_ws/install/ros_tcp_endpoint/lib/python3.10/site-packages/ros_tcp_endpoint/exceptions.py to exceptions.cpython-310.pyc
[2.641s] byte-compiling /home/rafiq/ros2_ws/install/ros_tcp_endpoint/lib/python3.10/site-packages/ros_tcp_endpoint/server.py to server.cpython-310.pyc
[2.641s] byte-compiling /home/rafiq/ros2_ws/install/ros_tcp_endpoint/lib/python3.10/site-packages/ros_tcp_endpoint/client.py to client.cpython-310.pyc
[2.641s] byte-compiling /home/rafiq/ros2_ws/install/ros_tcp_endpoint/lib/python3.10/site-packages/ros_tcp_endpoint/service.py to service.cpython-310.pyc
[2.641s] byte-compiling /home/rafiq/ros2_ws/install/ros_tcp_endpoint/lib/python3.10/site-packages/ros_tcp_endpoint/publisher.py to publisher.cpython-310.pyc
[2.641s] byte-compiling /home/rafiq/ros2_ws/install/ros_tcp_endpoint/lib/python3.10/site-packages/ros_tcp_endpoint/default_server_endpoint.py to default_server_endpoint.cpython-310.pyc
[2.642s] byte-compiling /home/rafiq/ros2_ws/install/ros_tcp_endpoint/lib/python3.10/site-packages/ros_tcp_endpoint/tcp_sender.py to tcp_sender.cpython-310.pyc
[2.642s] byte-compiling /home/rafiq/ros2_ws/install/ros_tcp_endpoint/lib/python3.10/site-packages/ros_tcp_endpoint/subscriber.py to subscriber.cpython-310.pyc
[2.642s] byte-compiling /home/rafiq/ros2_ws/install/ros_tcp_endpoint/lib/python3.10/site-packages/ros_tcp_endpoint/__init__.py to __init__.cpython-310.pyc
[2.648s] running install_data
[2.649s] creating /home/rafiq/ros2_ws/install/ros_tcp_endpoint/share/ament_index
[2.649s] creating /home/rafiq/ros2_ws/install/ros_tcp_endpoint/share/ament_index/resource_index
[2.649s] creating /home/rafiq/ros2_ws/install/ros_tcp_endpoint/share/ament_index/resource_index/packages
[2.649s] copying resource/ros_tcp_endpoint -> /home/rafiq/ros2_ws/install/ros_tcp_endpoint/share/ament_index/resource_index/packages
[2.649s] copying package.xml -> /home/rafiq/ros2_ws/install/ros_tcp_endpoint/share/ros_tcp_endpoint
[2.649s] creating /home/rafiq/ros2_ws/install/ros_tcp_endpoint/share/ros_tcp_endpoint/launch
[2.649s] copying launch/endpoint.py -> /home/rafiq/ros2_ws/install/ros_tcp_endpoint/share/ros_tcp_endpoint/launch
[2.649s] running install_egg_info
[2.688s] Copying ../../build/ros_tcp_endpoint/ros_tcp_endpoint.egg-info to /home/rafiq/ros2_ws/install/ros_tcp_endpoint/lib/python3.10/site-packages/ros_tcp_endpoint-0.0.1-py3.10.egg-info
[2.692s] running install_scripts
[2.764s] Installing default_server_endpoint script to /home/rafiq/ros2_ws/install/ros_tcp_endpoint/lib/ros_tcp_endpoint
[2.764s] writing list of installed files to '/home/rafiq/ros2_ws/build/ros_tcp_endpoint/install.log'
[2.899s] Invoked command in '/home/rafiq/ros2_ws/src/ROS-TCP-Endpoint' returned '0': PYTHONPATH=/home/rafiq/ros2_ws/build/ros_tcp_endpoint/prefix_override:/usr/lib/python3/dist-packages/colcon_core/task/python/colcon_distutils_commands:/home/rafiq/ros2_ws/install/ros_tcp_endpoint/lib/python3.10/site-packages:${PYTHONPATH} /usr/bin/python3 -W ignore:setup.py install is deprecated -W ignore:easy_install command is deprecated setup.py egg_info --egg-base ../../build/ros_tcp_endpoint build --build-base /home/rafiq/ros2_ws/build/ros_tcp_endpoint/build install --record /home/rafiq/ros2_ws/build/ros_tcp_endpoint/install.log --install-scripts $base/lib/ros_tcp_endpoint --single-version-externally-managed install_data
