[0.367s] Invoking command in '/home/rafiq/ros2_ws/build/ros_tcp_endpoint': /usr/bin/cmake /home/rafiq/ros2_ws/src/ROS-TCP-Endpoint -DCATKIN_INSTALL_INTO_PREFIX_ROOT=0 -DCMAKE_INSTALL_PREFIX=/home/rafiq/ros2_ws/install/ros_tcp_endpoint
[0.516s] [0mCMake Deprecation Warning at CMakeLists.txt:1 (cmake_minimum_required):
[0.517s]   Compatibility with CMake < 2.8.12 will be removed from a future version of
[0.517s]   CMake.
[0.517s] 
[0.517s]   Update the VERSION argument <min> value or use a ...<max> suffix to tell
[0.517s]   CMake that the project does not need compatibility with older versions.
[0.517s] 
[0.517s] [0m
[1.149s] -- The C compiler identification is GNU 11.4.0
[1.587s] -- The CXX compiler identification is GNU 11.4.0
[1.629s] -- Detecting C compiler ABI info
[1.886s] -- Detecting C compiler ABI info - done
[1.904s] -- Check for working C compiler: /usr/bin/cc - skipped
[1.904s] -- Detecting C compile features
[1.907s] -- Detecting C compile features - done
[1.922s] -- Detecting CXX compiler ABI info
[2.166s] -- Detecting CXX compiler ABI info - done
[2.184s] -- Check for working CXX compiler: /usr/bin/c++ - skipped
[2.185s] -- Detecting CXX compile features
[2.186s] -- Detecting CXX compile features - done
[2.218s] [31mCMake Error at CMakeLists.txt:4 (find_package):
[2.218s]   By not providing "Findcatkin.cmake" in CMAKE_MODULE_PATH this project has
[2.219s]   asked CMake to find a package configuration file provided by "catkin", but
[2.219s]   CMake did not find one.
[2.219s] 
[2.220s]   Could not find a package configuration file provided by "catkin" with any
[2.220s]   of the following names:
[2.220s] 
[2.220s]     catkinConfig.cmake
[2.220s]     catkin-config.cmake
[2.220s] 
[2.220s]   Add the installation prefix of "catkin" to CMAKE_PREFIX_PATH or set
[2.220s]   "catkin_DIR" to a directory containing one of the above files.  If "catkin"
[2.221s]   provides a separate development package or SDK, be sure it has been
[2.221s]   installed.
[2.221s] 
[2.221s] [0m
[2.221s] -- Configuring incomplete, errors occurred!
[2.221s] See also "/home/rafiq/ros2_ws/build/ros_tcp_endpoint/CMakeFiles/CMakeOutput.log".
[2.229s] Invoked command in '/home/rafiq/ros2_ws/build/ros_tcp_endpoint' returned '1': /usr/bin/cmake /home/rafiq/ros2_ws/src/ROS-TCP-Endpoint -DCATKIN_INSTALL_INTO_PREFIX_ROOT=0 -DCMAKE_INSTALL_PREFIX=/home/rafiq/ros2_ws/install/ros_tcp_endpoint
