[0.148s] DEBUG:colcon:Command line arguments: ['/usr/bin/colcon', 'build']
[0.148s] DEBUG:colcon:Parsed command line arguments: Namespace(log_base=None, log_level=None, verb_name='build', build_base='build', install_base='install', merge_install=False, symlink_install=False, test_result_base=None, continue_on_error=False, executor='parallel', parallel_workers=2, event_handlers=None, ignore_user_meta=False, metas=['./colcon.meta'], base_paths=['.'], packages_ignore=None, packages_ignore_regex=None, paths=None, packages_up_to=None, packages_up_to_regex=None, packages_above=None, packages_above_and_dependencies=None, packages_above_depth=None, packages_select_by_dep=None, packages_skip_by_dep=None, packages_skip_up_to=None, packages_select_build_failed=False, packages_skip_build_finished=False, packages_select_test_failures=False, packages_skip_test_passed=False, packages_select=None, packages_skip=None, packages_select_regex=None, packages_skip_regex=None, packages_start=None, packages_end=None, allow_overriding=[], cmake_args=None, cmake_target=None, cmake_target_skip_unavailable=False, cmake_clean_cache=False, cmake_clean_first=False, cmake_force_configure=False, ament_cmake_args=None, catkin_cmake_args=None, catkin_skip_building_tests=False, verb_parser=<colcon_defaults.argument_parser.defaults.DefaultArgumentsDecorator object at 0x7c5e48733490>, verb_extension=<colcon_core.verb.build.BuildVerb object at 0x7c5e488ecb50>, main=<bound method BuildVerb.main of <colcon_core.verb.build.BuildVerb object at 0x7c5e488ecb50>>)
[0.374s] Level 1:colcon.colcon_core.package_discovery:discover_packages(colcon_meta) check parameters
[0.374s] Level 1:colcon.colcon_core.package_discovery:discover_packages(recursive) check parameters
[0.374s] Level 1:colcon.colcon_core.package_discovery:discover_packages(ignore) check parameters
[0.374s] Level 1:colcon.colcon_core.package_discovery:discover_packages(path) check parameters
[0.374s] Level 1:colcon.colcon_core.package_discovery:discover_packages(colcon_meta) discover
[0.374s] Level 1:colcon.colcon_core.package_discovery:discover_packages(recursive) discover
[0.374s] INFO:colcon.colcon_core.package_discovery:Crawling recursively for packages in '/home/rafiq/ros2_ws'
[0.374s] Level 1:colcon.colcon_core.package_identification:_identify(.) by extensions ['ignore', 'ignore_ament_install']
[0.375s] Level 1:colcon.colcon_core.package_identification:_identify(.) by extension 'ignore'
[0.375s] Level 1:colcon.colcon_core.package_identification:_identify(.) by extension 'ignore_ament_install'
[0.375s] Level 1:colcon.colcon_core.package_identification:_identify(.) by extensions ['colcon_pkg']
[0.375s] Level 1:colcon.colcon_core.package_identification:_identify(.) by extension 'colcon_pkg'
[0.375s] Level 1:colcon.colcon_core.package_identification:_identify(.) by extensions ['colcon_meta']
[0.375s] Level 1:colcon.colcon_core.package_identification:_identify(.) by extension 'colcon_meta'
[0.375s] Level 1:colcon.colcon_core.package_identification:_identify(.) by extensions ['ros']
[0.375s] Level 1:colcon.colcon_core.package_identification:_identify(.) by extension 'ros'
[0.400s] Level 1:colcon.colcon_core.package_identification:_identify(.) by extensions ['cmake', 'python']
[0.400s] Level 1:colcon.colcon_core.package_identification:_identify(.) by extension 'cmake'
[0.401s] Level 1:colcon.colcon_core.package_identification:_identify(.) by extension 'python'
[0.401s] Level 1:colcon.colcon_core.package_identification:_identify(.) by extensions ['python_setup_py']
[0.401s] Level 1:colcon.colcon_core.package_identification:_identify(.) by extension 'python_setup_py'
[0.401s] Level 1:colcon.colcon_core.package_identification:_identify(__pycache__) by extensions ['ignore', 'ignore_ament_install']
[0.401s] Level 1:colcon.colcon_core.package_identification:_identify(__pycache__) by extension 'ignore'
[0.401s] Level 1:colcon.colcon_core.package_identification:_identify(__pycache__) by extension 'ignore_ament_install'
[0.401s] Level 1:colcon.colcon_core.package_identification:_identify(__pycache__) by extensions ['colcon_pkg']
[0.401s] Level 1:colcon.colcon_core.package_identification:_identify(__pycache__) by extension 'colcon_pkg'
[0.401s] Level 1:colcon.colcon_core.package_identification:_identify(__pycache__) by extensions ['colcon_meta']
[0.401s] Level 1:colcon.colcon_core.package_identification:_identify(__pycache__) by extension 'colcon_meta'
[0.402s] Level 1:colcon.colcon_core.package_identification:_identify(__pycache__) by extensions ['ros']
[0.402s] Level 1:colcon.colcon_core.package_identification:_identify(__pycache__) by extension 'ros'
[0.402s] Level 1:colcon.colcon_core.package_identification:_identify(__pycache__) by extensions ['cmake', 'python']
[0.402s] Level 1:colcon.colcon_core.package_identification:_identify(__pycache__) by extension 'cmake'
[0.402s] Level 1:colcon.colcon_core.package_identification:_identify(__pycache__) by extension 'python'
[0.402s] Level 1:colcon.colcon_core.package_identification:_identify(__pycache__) by extensions ['python_setup_py']
[0.402s] Level 1:colcon.colcon_core.package_identification:_identify(__pycache__) by extension 'python_setup_py'
[0.403s] Level 1:colcon.colcon_core.package_identification:_identify(build) by extensions ['ignore', 'ignore_ament_install']
[0.403s] Level 1:colcon.colcon_core.package_identification:_identify(build) by extension 'ignore'
[0.403s] Level 1:colcon.colcon_core.package_identification:_identify(build) ignored
[0.403s] Level 1:colcon.colcon_core.package_identification:_identify(install) by extensions ['ignore', 'ignore_ament_install']
[0.404s] Level 1:colcon.colcon_core.package_identification:_identify(install) by extension 'ignore'
[0.404s] Level 1:colcon.colcon_core.package_identification:_identify(install) ignored
[0.404s] Level 1:colcon.colcon_core.package_identification:_identify(log) by extensions ['ignore', 'ignore_ament_install']
[0.405s] Level 1:colcon.colcon_core.package_identification:_identify(log) by extension 'ignore'
[0.405s] Level 1:colcon.colcon_core.package_identification:_identify(log) ignored
[0.405s] Level 1:colcon.colcon_core.package_identification:_identify(src) by extensions ['ignore', 'ignore_ament_install']
[0.405s] Level 1:colcon.colcon_core.package_identification:_identify(src) by extension 'ignore'
[0.405s] Level 1:colcon.colcon_core.package_identification:_identify(src) by extension 'ignore_ament_install'
[0.406s] Level 1:colcon.colcon_core.package_identification:_identify(src) by extensions ['colcon_pkg']
[0.406s] Level 1:colcon.colcon_core.package_identification:_identify(src) by extension 'colcon_pkg'
[0.406s] Level 1:colcon.colcon_core.package_identification:_identify(src) by extensions ['colcon_meta']
[0.406s] Level 1:colcon.colcon_core.package_identification:_identify(src) by extension 'colcon_meta'
[0.406s] Level 1:colcon.colcon_core.package_identification:_identify(src) by extensions ['ros']
[0.406s] Level 1:colcon.colcon_core.package_identification:_identify(src) by extension 'ros'
[0.406s] Level 1:colcon.colcon_core.package_identification:_identify(src) by extensions ['cmake', 'python']
[0.406s] Level 1:colcon.colcon_core.package_identification:_identify(src) by extension 'cmake'
[0.406s] Level 1:colcon.colcon_core.package_identification:_identify(src) by extension 'python'
[0.406s] Level 1:colcon.colcon_core.package_identification:_identify(src) by extensions ['python_setup_py']
[0.407s] Level 1:colcon.colcon_core.package_identification:_identify(src) by extension 'python_setup_py'
[0.407s] Level 1:colcon.colcon_core.package_identification:_identify(src/ROS-TCP-Endpoint) by extensions ['ignore', 'ignore_ament_install']
[0.407s] Level 1:colcon.colcon_core.package_identification:_identify(src/ROS-TCP-Endpoint) by extension 'ignore'
[0.407s] Level 1:colcon.colcon_core.package_identification:_identify(src/ROS-TCP-Endpoint) by extension 'ignore_ament_install'
[0.408s] Level 1:colcon.colcon_core.package_identification:_identify(src/ROS-TCP-Endpoint) by extensions ['colcon_pkg']
[0.408s] Level 1:colcon.colcon_core.package_identification:_identify(src/ROS-TCP-Endpoint) by extension 'colcon_pkg'
[0.408s] Level 1:colcon.colcon_core.package_identification:_identify(src/ROS-TCP-Endpoint) by extensions ['colcon_meta']
[0.408s] Level 1:colcon.colcon_core.package_identification:_identify(src/ROS-TCP-Endpoint) by extension 'colcon_meta'
[0.408s] Level 1:colcon.colcon_core.package_identification:_identify(src/ROS-TCP-Endpoint) by extensions ['ros']
[0.408s] Level 1:colcon.colcon_core.package_identification:_identify(src/ROS-TCP-Endpoint) by extension 'ros'
[0.415s] DEBUG:colcon.colcon_core.package_identification:Package 'src/ROS-TCP-Endpoint' with type 'ros.ament_python' and name 'ros_tcp_endpoint'
[0.415s] Level 1:colcon.colcon_core.package_identification:_identify(src/joint_publisher) by extensions ['ignore', 'ignore_ament_install']
[0.416s] Level 1:colcon.colcon_core.package_identification:_identify(src/joint_publisher) by extension 'ignore'
[0.416s] Level 1:colcon.colcon_core.package_identification:_identify(src/joint_publisher) by extension 'ignore_ament_install'
[0.416s] Level 1:colcon.colcon_core.package_identification:_identify(src/joint_publisher) by extensions ['colcon_pkg']
[0.416s] Level 1:colcon.colcon_core.package_identification:_identify(src/joint_publisher) by extension 'colcon_pkg'
[0.416s] Level 1:colcon.colcon_core.package_identification:_identify(src/joint_publisher) by extensions ['colcon_meta']
[0.416s] Level 1:colcon.colcon_core.package_identification:_identify(src/joint_publisher) by extension 'colcon_meta'
[0.416s] Level 1:colcon.colcon_core.package_identification:_identify(src/joint_publisher) by extensions ['ros']
[0.416s] Level 1:colcon.colcon_core.package_identification:_identify(src/joint_publisher) by extension 'ros'
[0.417s] DEBUG:colcon.colcon_core.package_identification:Package 'src/joint_publisher' with type 'ros.ament_python' and name 'joint_publisher'
[0.418s] Level 1:colcon.colcon_core.package_identification:_identify(src/talker_listener) by extensions ['ignore', 'ignore_ament_install']
[0.418s] Level 1:colcon.colcon_core.package_identification:_identify(src/talker_listener) by extension 'ignore'
[0.418s] Level 1:colcon.colcon_core.package_identification:_identify(src/talker_listener) by extension 'ignore_ament_install'
[0.418s] Level 1:colcon.colcon_core.package_identification:_identify(src/talker_listener) by extensions ['colcon_pkg']
[0.418s] Level 1:colcon.colcon_core.package_identification:_identify(src/talker_listener) by extension 'colcon_pkg'
[0.418s] Level 1:colcon.colcon_core.package_identification:_identify(src/talker_listener) by extensions ['colcon_meta']
[0.419s] Level 1:colcon.colcon_core.package_identification:_identify(src/talker_listener) by extension 'colcon_meta'
[0.419s] Level 1:colcon.colcon_core.package_identification:_identify(src/talker_listener) by extensions ['ros']
[0.419s] Level 1:colcon.colcon_core.package_identification:_identify(src/talker_listener) by extension 'ros'
[0.420s] DEBUG:colcon.colcon_core.package_identification:Package 'src/talker_listener' with type 'ros.ament_python' and name 'talker_listener'
[0.420s] Level 1:colcon.colcon_core.package_discovery:discover_packages(recursive) using defaults
[0.420s] Level 1:colcon.colcon_core.package_discovery:discover_packages(ignore) discover
[0.420s] Level 1:colcon.colcon_core.package_discovery:discover_packages(ignore) using defaults
[0.420s] Level 1:colcon.colcon_core.package_discovery:discover_packages(path) discover
[0.420s] Level 1:colcon.colcon_core.package_discovery:discover_packages(path) using defaults
[0.476s] Level 1:colcon.colcon_core.package_discovery:discover_packages(prefix_path) check parameters
[0.476s] Level 1:colcon.colcon_core.package_discovery:discover_packages(prefix_path) discover
[0.484s] DEBUG:colcon.colcon_installed_package_information.package_discovery:Found 365 installed packages in /opt/ros/humble
[0.499s] Level 1:colcon.colcon_core.package_discovery:discover_packages(prefix_path) using defaults
[0.599s] Level 5:colcon.colcon_core.verb:set package 'joint_publisher' build argument 'cmake_args' from command line to 'None'
[0.599s] Level 5:colcon.colcon_core.verb:set package 'joint_publisher' build argument 'cmake_target' from command line to 'None'
[0.599s] Level 5:colcon.colcon_core.verb:set package 'joint_publisher' build argument 'cmake_target_skip_unavailable' from command line to 'False'
[0.599s] Level 5:colcon.colcon_core.verb:set package 'joint_publisher' build argument 'cmake_clean_cache' from command line to 'False'
[0.599s] Level 5:colcon.colcon_core.verb:set package 'joint_publisher' build argument 'cmake_clean_first' from command line to 'False'
[0.599s] Level 5:colcon.colcon_core.verb:set package 'joint_publisher' build argument 'cmake_force_configure' from command line to 'False'
[0.599s] Level 5:colcon.colcon_core.verb:set package 'joint_publisher' build argument 'ament_cmake_args' from command line to 'None'
[0.600s] Level 5:colcon.colcon_core.verb:set package 'joint_publisher' build argument 'catkin_cmake_args' from command line to 'None'
[0.600s] Level 5:colcon.colcon_core.verb:set package 'joint_publisher' build argument 'catkin_skip_building_tests' from command line to 'False'
[0.600s] DEBUG:colcon.colcon_core.verb:Building package 'joint_publisher' with the following arguments: {'ament_cmake_args': None, 'build_base': '/home/rafiq/ros2_ws/build/joint_publisher', 'catkin_cmake_args': None, 'catkin_skip_building_tests': False, 'cmake_args': None, 'cmake_clean_cache': False, 'cmake_clean_first': False, 'cmake_force_configure': False, 'cmake_target': None, 'cmake_target_skip_unavailable': False, 'install_base': '/home/rafiq/ros2_ws/install/joint_publisher', 'merge_install': False, 'path': '/home/rafiq/ros2_ws/src/joint_publisher', 'symlink_install': False, 'test_result_base': None}
[0.601s] Level 5:colcon.colcon_core.verb:set package 'ros_tcp_endpoint' build argument 'cmake_args' from command line to 'None'
[0.601s] Level 5:colcon.colcon_core.verb:set package 'ros_tcp_endpoint' build argument 'cmake_target' from command line to 'None'
[0.601s] Level 5:colcon.colcon_core.verb:set package 'ros_tcp_endpoint' build argument 'cmake_target_skip_unavailable' from command line to 'False'
[0.601s] Level 5:colcon.colcon_core.verb:set package 'ros_tcp_endpoint' build argument 'cmake_clean_cache' from command line to 'False'
[0.601s] Level 5:colcon.colcon_core.verb:set package 'ros_tcp_endpoint' build argument 'cmake_clean_first' from command line to 'False'
[0.601s] Level 5:colcon.colcon_core.verb:set package 'ros_tcp_endpoint' build argument 'cmake_force_configure' from command line to 'False'
[0.601s] Level 5:colcon.colcon_core.verb:set package 'ros_tcp_endpoint' build argument 'ament_cmake_args' from command line to 'None'
[0.601s] Level 5:colcon.colcon_core.verb:set package 'ros_tcp_endpoint' build argument 'catkin_cmake_args' from command line to 'None'
[0.601s] Level 5:colcon.colcon_core.verb:set package 'ros_tcp_endpoint' build argument 'catkin_skip_building_tests' from command line to 'False'
[0.601s] DEBUG:colcon.colcon_core.verb:Building package 'ros_tcp_endpoint' with the following arguments: {'ament_cmake_args': None, 'build_base': '/home/rafiq/ros2_ws/build/ros_tcp_endpoint', 'catkin_cmake_args': None, 'catkin_skip_building_tests': False, 'cmake_args': None, 'cmake_clean_cache': False, 'cmake_clean_first': False, 'cmake_force_configure': False, 'cmake_target': None, 'cmake_target_skip_unavailable': False, 'install_base': '/home/rafiq/ros2_ws/install/ros_tcp_endpoint', 'merge_install': False, 'path': '/home/rafiq/ros2_ws/src/ROS-TCP-Endpoint', 'symlink_install': False, 'test_result_base': None}
[0.602s] Level 5:colcon.colcon_core.verb:set package 'talker_listener' build argument 'cmake_args' from command line to 'None'
[0.602s] Level 5:colcon.colcon_core.verb:set package 'talker_listener' build argument 'cmake_target' from command line to 'None'
[0.602s] Level 5:colcon.colcon_core.verb:set package 'talker_listener' build argument 'cmake_target_skip_unavailable' from command line to 'False'
[0.603s] Level 5:colcon.colcon_core.verb:set package 'talker_listener' build argument 'cmake_clean_cache' from command line to 'False'
[0.603s] Level 5:colcon.colcon_core.verb:set package 'talker_listener' build argument 'cmake_clean_first' from command line to 'False'
[0.603s] Level 5:colcon.colcon_core.verb:set package 'talker_listener' build argument 'cmake_force_configure' from command line to 'False'
[0.603s] Level 5:colcon.colcon_core.verb:set package 'talker_listener' build argument 'ament_cmake_args' from command line to 'None'
[0.603s] Level 5:colcon.colcon_core.verb:set package 'talker_listener' build argument 'catkin_cmake_args' from command line to 'None'
[0.603s] Level 5:colcon.colcon_core.verb:set package 'talker_listener' build argument 'catkin_skip_building_tests' from command line to 'False'
[0.603s] DEBUG:colcon.colcon_core.verb:Building package 'talker_listener' with the following arguments: {'ament_cmake_args': None, 'build_base': '/home/rafiq/ros2_ws/build/talker_listener', 'catkin_cmake_args': None, 'catkin_skip_building_tests': False, 'cmake_args': None, 'cmake_clean_cache': False, 'cmake_clean_first': False, 'cmake_force_configure': False, 'cmake_target': None, 'cmake_target_skip_unavailable': False, 'install_base': '/home/rafiq/ros2_ws/install/talker_listener', 'merge_install': False, 'path': '/home/rafiq/ros2_ws/src/talker_listener', 'symlink_install': False, 'test_result_base': None}
[0.603s] INFO:colcon.colcon_core.executor:Executing jobs using 'parallel' executor
[0.618s] DEBUG:colcon.colcon_parallel_executor.executor.parallel:run_until_complete
[0.619s] INFO:colcon.colcon_ros.task.ament_python.build:Building ROS package in '/home/rafiq/ros2_ws/src/joint_publisher' with build type 'ament_python'
[0.619s] Level 1:colcon.colcon_core.shell:create_environment_hook('joint_publisher', 'ament_prefix_path')
[0.622s] INFO:colcon.colcon_core.plugin_system:Skipping extension 'colcon_core.shell.bat': Not used on non-Windows systems
[0.622s] INFO:colcon.colcon_core.shell:Creating environment hook '/home/rafiq/ros2_ws/install/joint_publisher/share/joint_publisher/hook/ament_prefix_path.ps1'
[0.626s] INFO:colcon.colcon_core.shell:Creating environment descriptor '/home/rafiq/ros2_ws/install/joint_publisher/share/joint_publisher/hook/ament_prefix_path.dsv'
[0.633s] INFO:colcon.colcon_core.shell:Creating environment hook '/home/rafiq/ros2_ws/install/joint_publisher/share/joint_publisher/hook/ament_prefix_path.sh'
[0.643s] INFO:colcon.colcon_core.shell:Skip shell extension 'powershell' for command environment: Not usable outside of PowerShell
[0.643s] DEBUG:colcon.colcon_core.shell:Skip shell extension 'dsv' for command environment
[0.673s] INFO:colcon.colcon_ros.task.ament_python.build:Building ROS package in '/home/rafiq/ros2_ws/src/ROS-TCP-Endpoint' with build type 'ament_python'
[0.675s] Level 1:colcon.colcon_core.shell:create_environment_hook('ros_tcp_endpoint', 'ament_prefix_path')
[0.676s] INFO:colcon.colcon_core.shell:Creating environment hook '/home/rafiq/ros2_ws/install/ros_tcp_endpoint/share/ros_tcp_endpoint/hook/ament_prefix_path.ps1'
[0.677s] INFO:colcon.colcon_core.shell:Creating environment descriptor '/home/rafiq/ros2_ws/install/ros_tcp_endpoint/share/ros_tcp_endpoint/hook/ament_prefix_path.dsv'
[0.678s] INFO:colcon.colcon_core.shell:Creating environment hook '/home/rafiq/ros2_ws/install/ros_tcp_endpoint/share/ros_tcp_endpoint/hook/ament_prefix_path.sh'
[0.680s] INFO:colcon.colcon_core.shell:Skip shell extension 'powershell' for command environment: Not usable outside of PowerShell
[0.682s] DEBUG:colcon.colcon_core.shell:Skip shell extension 'dsv' for command environment
[1.268s] INFO:colcon.colcon_core.task.python.build:Building Python package in '/home/rafiq/ros2_ws/src/joint_publisher'
[1.269s] INFO:colcon.colcon_core.shell:Skip shell extension 'powershell' for command environment: Not usable outside of PowerShell
[1.269s] DEBUG:colcon.colcon_core.shell:Skip shell extension 'dsv' for command environment
[1.687s] INFO:colcon.colcon_core.task.python.build:Building Python package in '/home/rafiq/ros2_ws/src/ROS-TCP-Endpoint'
[1.688s] INFO:colcon.colcon_core.shell:Skip shell extension 'powershell' for command environment: Not usable outside of PowerShell
[1.688s] DEBUG:colcon.colcon_core.shell:Skip shell extension 'dsv' for command environment
[2.497s] DEBUG:colcon.colcon_core.event_handler.log_command:Invoking command in '/home/rafiq/ros2_ws/src/joint_publisher': PYTHONPATH=/home/rafiq/ros2_ws/build/joint_publisher/prefix_override:/usr/lib/python3/dist-packages/colcon_core/task/python/colcon_distutils_commands:/home/rafiq/ros2_ws/install/joint_publisher/lib/python3.10/site-packages:${PYTHONPATH} /usr/bin/python3 -W ignore:setup.py install is deprecated -W ignore:easy_install command is deprecated setup.py egg_info --egg-base ../../build/joint_publisher build --build-base /home/rafiq/ros2_ws/build/joint_publisher/build install --record /home/rafiq/ros2_ws/build/joint_publisher/install.log --single-version-externally-managed install_data
[2.572s] DEBUG:colcon.colcon_core.event_handler.log_command:Invoking command in '/home/rafiq/ros2_ws/src/ROS-TCP-Endpoint': PYTHONPATH=/home/rafiq/ros2_ws/build/ros_tcp_endpoint/prefix_override:/usr/lib/python3/dist-packages/colcon_core/task/python/colcon_distutils_commands:/home/rafiq/ros2_ws/install/ros_tcp_endpoint/lib/python3.10/site-packages:${PYTHONPATH} /usr/bin/python3 -W ignore:setup.py install is deprecated -W ignore:easy_install command is deprecated setup.py egg_info --egg-base ../../build/ros_tcp_endpoint build --build-base /home/rafiq/ros2_ws/build/ros_tcp_endpoint/build install --record /home/rafiq/ros2_ws/build/ros_tcp_endpoint/install.log --install-scripts $base/lib/ros_tcp_endpoint --single-version-externally-managed install_data
[3.573s] DEBUG:colcon.colcon_core.event_handler.log_command:Invoked command in '/home/rafiq/ros2_ws/src/ROS-TCP-Endpoint' returned '0': PYTHONPATH=/home/rafiq/ros2_ws/build/ros_tcp_endpoint/prefix_override:/usr/lib/python3/dist-packages/colcon_core/task/python/colcon_distutils_commands:/home/rafiq/ros2_ws/install/ros_tcp_endpoint/lib/python3.10/site-packages:${PYTHONPATH} /usr/bin/python3 -W ignore:setup.py install is deprecated -W ignore:easy_install command is deprecated setup.py egg_info --egg-base ../../build/ros_tcp_endpoint build --build-base /home/rafiq/ros2_ws/build/ros_tcp_endpoint/build install --record /home/rafiq/ros2_ws/build/ros_tcp_endpoint/install.log --install-scripts $base/lib/ros_tcp_endpoint --single-version-externally-managed install_data
[3.579s] Level 1:colcon.colcon_core.environment:checking '/home/rafiq/ros2_ws/install/ros_tcp_endpoint' for CMake module files
[3.580s] Level 1:colcon.colcon_core.environment:checking '/home/rafiq/ros2_ws/install/ros_tcp_endpoint' for CMake config files
[3.581s] Level 1:colcon.colcon_core.environment:checking '/home/rafiq/ros2_ws/install/ros_tcp_endpoint/lib'
[3.581s] Level 1:colcon.colcon_core.environment:checking '/home/rafiq/ros2_ws/install/ros_tcp_endpoint/bin'
[3.581s] Level 1:colcon.colcon_core.environment:checking '/home/rafiq/ros2_ws/install/ros_tcp_endpoint/lib/pkgconfig/ros_tcp_endpoint.pc'
[3.581s] Level 1:colcon.colcon_core.environment:checking '/home/rafiq/ros2_ws/install/ros_tcp_endpoint/lib/python3.10/site-packages'
[3.581s] Level 1:colcon.colcon_core.shell:create_environment_hook('ros_tcp_endpoint', 'pythonpath')
[3.582s] INFO:colcon.colcon_core.shell:Creating environment hook '/home/rafiq/ros2_ws/install/ros_tcp_endpoint/share/ros_tcp_endpoint/hook/pythonpath.ps1'
[3.582s] INFO:colcon.colcon_core.shell:Creating environment descriptor '/home/rafiq/ros2_ws/install/ros_tcp_endpoint/share/ros_tcp_endpoint/hook/pythonpath.dsv'
[3.583s] INFO:colcon.colcon_core.shell:Creating environment hook '/home/rafiq/ros2_ws/install/ros_tcp_endpoint/share/ros_tcp_endpoint/hook/pythonpath.sh'
[3.584s] Level 1:colcon.colcon_core.environment:checking '/home/rafiq/ros2_ws/install/ros_tcp_endpoint/bin'
[3.584s] Level 1:colcon.colcon_core.environment:create_environment_scripts_only(ros_tcp_endpoint)
[3.584s] INFO:colcon.colcon_core.shell:Creating package script '/home/rafiq/ros2_ws/install/ros_tcp_endpoint/share/ros_tcp_endpoint/package.ps1'
[3.587s] INFO:colcon.colcon_core.shell:Creating package descriptor '/home/rafiq/ros2_ws/install/ros_tcp_endpoint/share/ros_tcp_endpoint/package.dsv'
[3.589s] INFO:colcon.colcon_core.shell:Creating package script '/home/rafiq/ros2_ws/install/ros_tcp_endpoint/share/ros_tcp_endpoint/package.sh'
[3.593s] INFO:colcon.colcon_core.shell:Creating package script '/home/rafiq/ros2_ws/install/ros_tcp_endpoint/share/ros_tcp_endpoint/package.bash'
[3.594s] INFO:colcon.colcon_core.shell:Creating package script '/home/rafiq/ros2_ws/install/ros_tcp_endpoint/share/ros_tcp_endpoint/package.zsh'
[3.596s] Level 1:colcon.colcon_core.environment:create_file_with_runtime_dependencies(/home/rafiq/ros2_ws/install/ros_tcp_endpoint/share/colcon-core/packages/ros_tcp_endpoint)
[3.598s] Level 1:colcon.colcon_core.environment:checking '/home/rafiq/ros2_ws/install/joint_publisher' for CMake module files
[3.599s] Level 1:colcon.colcon_core.environment:checking '/home/rafiq/ros2_ws/install/joint_publisher' for CMake config files
[3.605s] DEBUG:colcon.colcon_core.event_handler.log_command:Invoked command in '/home/rafiq/ros2_ws/src/joint_publisher' returned '0': PYTHONPATH=/home/rafiq/ros2_ws/build/joint_publisher/prefix_override:/usr/lib/python3/dist-packages/colcon_core/task/python/colcon_distutils_commands:/home/rafiq/ros2_ws/install/joint_publisher/lib/python3.10/site-packages:${PYTHONPATH} /usr/bin/python3 -W ignore:setup.py install is deprecated -W ignore:easy_install command is deprecated setup.py egg_info --egg-base ../../build/joint_publisher build --build-base /home/rafiq/ros2_ws/build/joint_publisher/build install --record /home/rafiq/ros2_ws/build/joint_publisher/install.log --single-version-externally-managed install_data
[3.608s] Level 1:colcon.colcon_core.environment:checking '/home/rafiq/ros2_ws/install/joint_publisher/lib'
[3.608s] Level 1:colcon.colcon_core.environment:checking '/home/rafiq/ros2_ws/install/joint_publisher/bin'
[3.608s] Level 1:colcon.colcon_core.environment:checking '/home/rafiq/ros2_ws/install/joint_publisher/lib/pkgconfig/joint_publisher.pc'
[3.609s] Level 1:colcon.colcon_core.environment:checking '/home/rafiq/ros2_ws/install/joint_publisher/lib/python3.10/site-packages'
[3.609s] Level 1:colcon.colcon_core.shell:create_environment_hook('joint_publisher', 'pythonpath')
[3.613s] INFO:colcon.colcon_core.shell:Creating environment hook '/home/rafiq/ros2_ws/install/joint_publisher/share/joint_publisher/hook/pythonpath.ps1'
[3.614s] INFO:colcon.colcon_core.shell:Creating environment descriptor '/home/rafiq/ros2_ws/install/joint_publisher/share/joint_publisher/hook/pythonpath.dsv'
[3.617s] INFO:colcon.colcon_core.shell:Creating environment hook '/home/rafiq/ros2_ws/install/joint_publisher/share/joint_publisher/hook/pythonpath.sh'
[3.621s] Level 1:colcon.colcon_core.environment:checking '/home/rafiq/ros2_ws/install/joint_publisher/bin'
[3.622s] Level 1:colcon.colcon_core.environment:create_environment_scripts_only(joint_publisher)
[3.623s] INFO:colcon.colcon_core.shell:Creating package script '/home/rafiq/ros2_ws/install/joint_publisher/share/joint_publisher/package.ps1'
[3.625s] INFO:colcon.colcon_core.shell:Creating package descriptor '/home/rafiq/ros2_ws/install/joint_publisher/share/joint_publisher/package.dsv'
[3.628s] INFO:colcon.colcon_core.shell:Creating package script '/home/rafiq/ros2_ws/install/joint_publisher/share/joint_publisher/package.sh'
[3.631s] INFO:colcon.colcon_core.shell:Creating package script '/home/rafiq/ros2_ws/install/joint_publisher/share/joint_publisher/package.bash'
[3.632s] INFO:colcon.colcon_core.shell:Creating package script '/home/rafiq/ros2_ws/install/joint_publisher/share/joint_publisher/package.zsh'
[3.633s] Level 1:colcon.colcon_core.environment:create_file_with_runtime_dependencies(/home/rafiq/ros2_ws/install/joint_publisher/share/colcon-core/packages/joint_publisher)
[3.634s] INFO:colcon.colcon_ros.task.ament_python.build:Building ROS package in '/home/rafiq/ros2_ws/src/talker_listener' with build type 'ament_python'
[3.634s] Level 1:colcon.colcon_core.shell:create_environment_hook('talker_listener', 'ament_prefix_path')
[3.635s] INFO:colcon.colcon_core.shell:Creating environment hook '/home/rafiq/ros2_ws/install/talker_listener/share/talker_listener/hook/ament_prefix_path.ps1'
[3.641s] INFO:colcon.colcon_core.shell:Creating environment descriptor '/home/rafiq/ros2_ws/install/talker_listener/share/talker_listener/hook/ament_prefix_path.dsv'
[3.643s] INFO:colcon.colcon_core.shell:Creating environment hook '/home/rafiq/ros2_ws/install/talker_listener/share/talker_listener/hook/ament_prefix_path.sh'
[3.646s] INFO:colcon.colcon_core.shell:Skip shell extension 'powershell' for command environment: Not usable outside of PowerShell
[3.649s] DEBUG:colcon.colcon_core.shell:Skip shell extension 'dsv' for command environment
[4.083s] INFO:colcon.colcon_core.task.python.build:Building Python package in '/home/rafiq/ros2_ws/src/talker_listener'
[4.083s] INFO:colcon.colcon_core.shell:Skip shell extension 'powershell' for command environment: Not usable outside of PowerShell
[4.083s] DEBUG:colcon.colcon_core.shell:Skip shell extension 'dsv' for command environment
[5.146s] DEBUG:colcon.colcon_core.event_handler.log_command:Invoking command in '/home/rafiq/ros2_ws/src/talker_listener': PYTHONPATH=/home/rafiq/ros2_ws/build/talker_listener/prefix_override:/usr/lib/python3/dist-packages/colcon_core/task/python/colcon_distutils_commands:/home/rafiq/ros2_ws/install/talker_listener/lib/python3.10/site-packages:${PYTHONPATH} /usr/bin/python3 -W ignore:setup.py install is deprecated -W ignore:easy_install command is deprecated setup.py egg_info --egg-base ../../build/talker_listener build --build-base /home/rafiq/ros2_ws/build/talker_listener/build install --record /home/rafiq/ros2_ws/build/talker_listener/install.log --single-version-externally-managed install_data
[5.611s] Level 1:colcon.colcon_core.environment:checking '/home/rafiq/ros2_ws/install/talker_listener' for CMake module files
[5.612s] Level 1:colcon.colcon_core.environment:checking '/home/rafiq/ros2_ws/install/talker_listener' for CMake config files
[5.611s] DEBUG:colcon.colcon_core.event_handler.log_command:Invoked command in '/home/rafiq/ros2_ws/src/talker_listener' returned '0': PYTHONPATH=/home/rafiq/ros2_ws/build/talker_listener/prefix_override:/usr/lib/python3/dist-packages/colcon_core/task/python/colcon_distutils_commands:/home/rafiq/ros2_ws/install/talker_listener/lib/python3.10/site-packages:${PYTHONPATH} /usr/bin/python3 -W ignore:setup.py install is deprecated -W ignore:easy_install command is deprecated setup.py egg_info --egg-base ../../build/talker_listener build --build-base /home/rafiq/ros2_ws/build/talker_listener/build install --record /home/rafiq/ros2_ws/build/talker_listener/install.log --single-version-externally-managed install_data
[5.618s] Level 1:colcon.colcon_core.environment:checking '/home/rafiq/ros2_ws/install/talker_listener/lib'
[5.618s] Level 1:colcon.colcon_core.environment:checking '/home/rafiq/ros2_ws/install/talker_listener/bin'
[5.618s] Level 1:colcon.colcon_core.environment:checking '/home/rafiq/ros2_ws/install/talker_listener/lib/pkgconfig/talker_listener.pc'
[5.618s] Level 1:colcon.colcon_core.environment:checking '/home/rafiq/ros2_ws/install/talker_listener/lib/python3.10/site-packages'
[5.618s] Level 1:colcon.colcon_core.shell:create_environment_hook('talker_listener', 'pythonpath')
[5.619s] INFO:colcon.colcon_core.shell:Creating environment hook '/home/rafiq/ros2_ws/install/talker_listener/share/talker_listener/hook/pythonpath.ps1'
[5.620s] INFO:colcon.colcon_core.shell:Creating environment descriptor '/home/rafiq/ros2_ws/install/talker_listener/share/talker_listener/hook/pythonpath.dsv'
[5.622s] INFO:colcon.colcon_core.shell:Creating environment hook '/home/rafiq/ros2_ws/install/talker_listener/share/talker_listener/hook/pythonpath.sh'
[5.632s] Level 1:colcon.colcon_core.environment:checking '/home/rafiq/ros2_ws/install/talker_listener/bin'
[5.632s] Level 1:colcon.colcon_core.environment:create_environment_scripts_only(talker_listener)
[5.632s] INFO:colcon.colcon_core.shell:Creating package script '/home/rafiq/ros2_ws/install/talker_listener/share/talker_listener/package.ps1'
[5.633s] INFO:colcon.colcon_core.shell:Creating package descriptor '/home/rafiq/ros2_ws/install/talker_listener/share/talker_listener/package.dsv'
[5.635s] INFO:colcon.colcon_core.shell:Creating package script '/home/rafiq/ros2_ws/install/talker_listener/share/talker_listener/package.sh'
[5.637s] INFO:colcon.colcon_core.shell:Creating package script '/home/rafiq/ros2_ws/install/talker_listener/share/talker_listener/package.bash'
[5.639s] INFO:colcon.colcon_core.shell:Creating package script '/home/rafiq/ros2_ws/install/talker_listener/share/talker_listener/package.zsh'
[5.641s] Level 1:colcon.colcon_core.environment:create_file_with_runtime_dependencies(/home/rafiq/ros2_ws/install/talker_listener/share/colcon-core/packages/talker_listener)
[5.642s] DEBUG:colcon.colcon_parallel_executor.executor.parallel:closing loop
[5.642s] DEBUG:colcon.colcon_parallel_executor.executor.parallel:loop closed
[5.642s] DEBUG:colcon.colcon_parallel_executor.executor.parallel:run_until_complete finished with '0'
[5.642s] DEBUG:colcon.colcon_core.event_reactor:joining thread
[5.655s] INFO:colcon.colcon_core.plugin_system:Skipping extension 'colcon_notification.desktop_notification.terminal_notifier': Not used on non-Darwin systems
[5.655s] INFO:colcon.colcon_core.plugin_system:Skipping extension 'colcon_notification.desktop_notification.win32': Not used on non-Windows systems
[5.658s] INFO:colcon.colcon_notification.desktop_notification:Sending desktop notification using 'notify2'
[5.744s] DEBUG:colcon.colcon_core.event_reactor:joined thread
[5.745s] INFO:colcon.colcon_core.shell:Creating prefix script '/home/rafiq/ros2_ws/install/local_setup.ps1'
[5.746s] INFO:colcon.colcon_core.shell:Creating prefix util module '/home/rafiq/ros2_ws/install/_local_setup_util_ps1.py'
[5.773s] INFO:colcon.colcon_core.shell:Creating prefix chain script '/home/rafiq/ros2_ws/install/setup.ps1'
[5.778s] INFO:colcon.colcon_core.shell:Creating prefix script '/home/rafiq/ros2_ws/install/local_setup.sh'
[5.780s] INFO:colcon.colcon_core.shell:Creating prefix util module '/home/rafiq/ros2_ws/install/_local_setup_util_sh.py'
[5.782s] INFO:colcon.colcon_core.shell:Creating prefix chain script '/home/rafiq/ros2_ws/install/setup.sh'
[5.786s] INFO:colcon.colcon_core.shell:Creating prefix script '/home/rafiq/ros2_ws/install/local_setup.bash'
[5.789s] INFO:colcon.colcon_core.shell:Creating prefix chain script '/home/rafiq/ros2_ws/install/setup.bash'
[5.794s] INFO:colcon.colcon_core.shell:Creating prefix script '/home/rafiq/ros2_ws/install/local_setup.zsh'
[5.797s] INFO:colcon.colcon_core.shell:Creating prefix chain script '/home/rafiq/ros2_ws/install/setup.zsh'
