[3.372s] Invoking command in '/home/rafiq/ros2_ws/build/ros_tcp_endpoint': PYTHONPATH=/home/rafiq/ros2_ws/build/ros_tcp_endpoint/prefix_override:/usr/lib/python3/dist-packages/colcon_core/task/python/colcon_distutils_commands:/home/rafiq/ros2_ws/install/ros_tcp_endpoint/lib/python3.10/site-packages:${PYTHONPATH} /usr/bin/python3 -W ignore:setup.py install is deprecated -W ignore:easy_install command is deprecated setup.py develop --editable --build-directory /home/rafiq/ros2_ws/build/ros_tcp_endpoint/build --no-deps symlink_data --force
[3.972s] /usr/lib/python3/dist-packages/setuptools/dist.py:723: UserWarning: Usage of dash-separated 'script-dir' will not be supported in future versions. Please use the underscore name 'script_dir' instead
[3.972s]   warnings.warn(
[4.079s] running develop
[4.360s] running egg_info
[4.365s] writing ros_tcp_endpoint.egg-info/PKG-INFO
[4.368s] writing dependency_links to ros_tcp_endpoint.egg-info/dependency_links.txt
[4.379s] writing entry points to ros_tcp_endpoint.egg-info/entry_points.txt
[4.379s] writing requirements to ros_tcp_endpoint.egg-info/requires.txt
[4.382s] writing top-level names to ros_tcp_endpoint.egg-info/top_level.txt
[4.626s] reading manifest file 'ros_tcp_endpoint.egg-info/SOURCES.txt'
[4.643s] writing manifest file 'ros_tcp_endpoint.egg-info/SOURCES.txt'
[4.652s] running build_ext
[4.652s] Creating /home/rafiq/ros2_ws/install/ros_tcp_endpoint/lib/python3.10/site-packages/ros-tcp-endpoint.egg-link (link to .)
[4.660s] Installing default_server_endpoint script to /home/rafiq/ros2_ws/install/ros_tcp_endpoint/lib/ros_tcp_endpoint
[4.662s] 
[4.663s] Installed /home/rafiq/ros2_ws/build/ros_tcp_endpoint
[4.663s] running symlink_data
[4.663s] symbolically linking /home/rafiq/ros2_ws/build/ros_tcp_endpoint/resource/ros_tcp_endpoint -> /home/rafiq/ros2_ws/install/ros_tcp_endpoint/share/ament_index/resource_index/packages
[4.663s] symbolically linking /home/rafiq/ros2_ws/build/ros_tcp_endpoint/package.xml -> /home/rafiq/ros2_ws/install/ros_tcp_endpoint/share/ros_tcp_endpoint
[4.663s] symbolically linking /home/rafiq/ros2_ws/build/ros_tcp_endpoint/launch/endpoint.py -> /home/rafiq/ros2_ws/install/ros_tcp_endpoint/share/ros_tcp_endpoint/launch
[4.739s] Invoked command in '/home/rafiq/ros2_ws/build/ros_tcp_endpoint' returned '0': PYTHONPATH=/home/rafiq/ros2_ws/build/ros_tcp_endpoint/prefix_override:/usr/lib/python3/dist-packages/colcon_core/task/python/colcon_distutils_commands:/home/rafiq/ros2_ws/install/ros_tcp_endpoint/lib/python3.10/site-packages:${PYTHONPATH} /usr/bin/python3 -W ignore:setup.py install is deprecated -W ignore:easy_install command is deprecated setup.py develop --editable --build-directory /home/rafiq/ros2_ws/build/ros_tcp_endpoint/build --no-deps symlink_data --force
