[1.267s] Invoking command in '/home/rafiq/ros2_ws/build/talker_listener': PYTHONPATH=/home/rafiq/ros2_ws/build/talker_listener/prefix_override:/usr/lib/python3/dist-packages/colcon_core/task/python/colcon_distutils_commands:/home/rafiq/ros2_ws/install/talker_listener/lib/python3.10/site-packages:${PYTHONPATH} /usr/bin/python3 -W ignore:setup.py install is deprecated -W ignore:easy_install command is deprecated setup.py develop --editable --build-directory /home/rafiq/ros2_ws/build/talker_listener/build --no-deps symlink_data --force
[1.673s] running develop
[1.896s] running egg_info
[1.896s] writing talker_listener.egg-info/PKG-INFO
[1.896s] writing dependency_links to talker_listener.egg-info/dependency_links.txt
[1.896s] writing entry points to talker_listener.egg-info/entry_points.txt
[1.897s] writing requirements to talker_listener.egg-info/requires.txt
[1.897s] writing top-level names to talker_listener.egg-info/top_level.txt
[1.901s] reading manifest file 'talker_listener.egg-info/SOURCES.txt'
[1.911s] writing manifest file 'talker_listener.egg-info/SOURCES.txt'
[1.972s] running build_ext
[1.974s] Creating /home/rafiq/ros2_ws/install/talker_listener/lib/python3.10/site-packages/talker-listener.egg-link (link to .)
[1.974s] Installing listener script to /home/rafiq/ros2_ws/install/talker_listener/lib/talker_listener
[1.974s] Installing talker script to /home/rafiq/ros2_ws/install/talker_listener/lib/talker_listener
[1.975s] 
[1.975s] Installed /home/rafiq/ros2_ws/build/talker_listener
[1.975s] running symlink_data
[1.975s] symbolically linking /home/rafiq/ros2_ws/build/talker_listener/resource/talker_listener -> /home/rafiq/ros2_ws/install/talker_listener/share/ament_index/resource_index/packages
[1.976s] symbolically linking /home/rafiq/ros2_ws/build/talker_listener/package.xml -> /home/rafiq/ros2_ws/install/talker_listener/share/talker_listener
[1.990s] Invoked command in '/home/rafiq/ros2_ws/build/talker_listener' returned '0': PYTHONPATH=/home/rafiq/ros2_ws/build/talker_listener/prefix_override:/usr/lib/python3/dist-packages/colcon_core/task/python/colcon_distutils_commands:/home/rafiq/ros2_ws/install/talker_listener/lib/python3.10/site-packages:${PYTHONPATH} /usr/bin/python3 -W ignore:setup.py install is deprecated -W ignore:easy_install command is deprecated setup.py develop --editable --build-directory /home/rafiq/ros2_ws/build/talker_listener/build --no-deps symlink_data --force
