[5.513s] Invoking command in '/home/rafiq/ros2_ws/src/talker_listener': PYTHONPATH=/home/rafiq/ros2_ws/build/talker_listener/prefix_override:/usr/lib/python3/dist-packages/colcon_core/task/python/colcon_distutils_commands:/home/rafiq/ros2_ws/install/talker_listener/lib/python3.10/site-packages:${PYTHONPATH} /usr/bin/python3 -W ignore:setup.py install is deprecated -W ignore:easy_install command is deprecated setup.py egg_info --egg-base ../../build/talker_listener build --build-base /home/rafiq/ros2_ws/build/talker_listener/build install --record /home/rafiq/ros2_ws/build/talker_listener/install.log --single-version-externally-managed install_data
[5.950s] running egg_info
[5.975s] writing ../../build/talker_listener/talker_listener.egg-info/PKG-INFO
[5.975s] writing dependency_links to ../../build/talker_listener/talker_listener.egg-info/dependency_links.txt
[5.993s] writing entry points to ../../build/talker_listener/talker_listener.egg-info/entry_points.txt
[5.993s] writing requirements to ../../build/talker_listener/talker_listener.egg-info/requires.txt
[5.993s] writing top-level names to ../../build/talker_listener/talker_listener.egg-info/top_level.txt
[6.028s] reading manifest file '../../build/talker_listener/talker_listener.egg-info/SOURCES.txt'
[6.028s] writing manifest file '../../build/talker_listener/talker_listener.egg-info/SOURCES.txt'
[6.051s] running build
[6.051s] running build_py
[6.068s] running install
[6.075s] running install_lib
[6.097s] running install_data
[6.114s] running install_egg_info
[6.116s] removing '/home/rafiq/ros2_ws/install/talker_listener/lib/python3.10/site-packages/talker_listener-0.0.0-py3.10.egg-info' (and everything under it)
[6.116s] Copying ../../build/talker_listener/talker_listener.egg-info to /home/rafiq/ros2_ws/install/talker_listener/lib/python3.10/site-packages/talker_listener-0.0.0-py3.10.egg-info
[6.121s] running install_scripts
[6.206s] Installing listener script to /home/rafiq/ros2_ws/install/talker_listener/lib/talker_listener
[6.207s] Installing talker script to /home/rafiq/ros2_ws/install/talker_listener/lib/talker_listener
[6.211s] writing list of installed files to '/home/rafiq/ros2_ws/build/talker_listener/install.log'
[6.528s] Invoked command in '/home/rafiq/ros2_ws/src/talker_listener' returned '0': PYTHONPATH=/home/rafiq/ros2_ws/build/talker_listener/prefix_override:/usr/lib/python3/dist-packages/colcon_core/task/python/colcon_distutils_commands:/home/rafiq/ros2_ws/install/talker_listener/lib/python3.10/site-packages:${PYTHONPATH} /usr/bin/python3 -W ignore:setup.py install is deprecated -W ignore:easy_install command is deprecated setup.py egg_info --egg-base ../../build/talker_listener build --build-base /home/rafiq/ros2_ws/build/talker_listener/build install --record /home/rafiq/ros2_ws/build/talker_listener/install.log --single-version-externally-managed install_data
