running egg_info
creating ../../build/joint_publisher/joint_publisher.egg-info
writing ../../build/joint_publisher/joint_publisher.egg-info/PKG-INFO
writing dependency_links to ../../build/joint_publisher/joint_publisher.egg-info/dependency_links.txt
writing entry points to ../../build/joint_publisher/joint_publisher.egg-info/entry_points.txt
writing requirements to ../../build/joint_publisher/joint_publisher.egg-info/requires.txt
writing top-level names to ../../build/joint_publisher/joint_publisher.egg-info/top_level.txt
writing manifest file '../../build/joint_publisher/joint_publisher.egg-info/SOURCES.txt'
reading manifest file '../../build/joint_publisher/joint_publisher.egg-info/SOURCES.txt'
writing manifest file '../../build/joint_publisher/joint_publisher.egg-info/SOURCES.txt'
running build
running build_py
creating /home/rafiq/ros2_ws/build/joint_publisher/build
creating /home/rafiq/ros2_ws/build/joint_publisher/build/lib
creating /home/rafiq/ros2_ws/build/joint_publisher/build/lib/joint_publisher
copying joint_publisher/joint_publisher.py -> /home/rafiq/ros2_ws/build/joint_publisher/build/lib/joint_publisher
copying joint_publisher/__init__.py -> /home/rafiq/ros2_ws/build/joint_publisher/build/lib/joint_publisher
running install
running install_lib
creating /home/rafiq/ros2_ws/install/joint_publisher/lib/python3.10/site-packages/joint_publisher
copying /home/rafiq/ros2_ws/build/joint_publisher/build/lib/joint_publisher/joint_publisher.py -> /home/rafiq/ros2_ws/install/joint_publisher/lib/python3.10/site-packages/joint_publisher
copying /home/rafiq/ros2_ws/build/joint_publisher/build/lib/joint_publisher/__init__.py -> /home/rafiq/ros2_ws/install/joint_publisher/lib/python3.10/site-packages/joint_publisher
byte-compiling /home/rafiq/ros2_ws/install/joint_publisher/lib/python3.10/site-packages/joint_publisher/joint_publisher.py to joint_publisher.cpython-310.pyc
byte-compiling /home/rafiq/ros2_ws/install/joint_publisher/lib/python3.10/site-packages/joint_publisher/__init__.py to __init__.cpython-310.pyc
running install_data
creating /home/rafiq/ros2_ws/install/joint_publisher/share/ament_index
creating /home/rafiq/ros2_ws/install/joint_publisher/share/ament_index/resource_index
creating /home/rafiq/ros2_ws/install/joint_publisher/share/ament_index/resource_index/packages
copying resource/joint_publisher -> /home/rafiq/ros2_ws/install/joint_publisher/share/ament_index/resource_index/packages
copying package.xml -> /home/rafiq/ros2_ws/install/joint_publisher/share/joint_publisher
running install_egg_info
Copying ../../build/joint_publisher/joint_publisher.egg-info to /home/rafiq/ros2_ws/install/joint_publisher/lib/python3.10/site-packages/joint_publisher-0.0.0-py3.10.egg-info
running install_scripts
Installing joint_publisher script to /home/rafiq/ros2_ws/install/joint_publisher/lib/joint_publisher
writing list of installed files to '/home/rafiq/ros2_ws/build/joint_publisher/install.log'
