[1.872s] Invoking command in '/home/rafiq/ros2_ws/src/joint_publisher': PYTHONPATH=/home/rafiq/ros2_ws/build/joint_publisher/prefix_override:/usr/lib/python3/dist-packages/colcon_core/task/python/colcon_distutils_commands:/home/rafiq/ros2_ws/install/joint_publisher/lib/python3.10/site-packages:${PYTHONPATH} /usr/bin/python3 -W ignore:setup.py install is deprecated -W ignore:easy_install command is deprecated setup.py egg_info --egg-base ../../build/joint_publisher build --build-base /home/rafiq/ros2_ws/build/joint_publisher/build install --record /home/rafiq/ros2_ws/build/joint_publisher/install.log --single-version-externally-managed install_data
[2.613s] running egg_info
[2.613s] writing ../../build/joint_publisher/joint_publisher.egg-info/PKG-INFO
[2.613s] writing dependency_links to ../../build/joint_publisher/joint_publisher.egg-info/dependency_links.txt
[2.613s] writing entry points to ../../build/joint_publisher/joint_publisher.egg-info/entry_points.txt
[2.613s] writing requirements to ../../build/joint_publisher/joint_publisher.egg-info/requires.txt
[2.613s] writing top-level names to ../../build/joint_publisher/joint_publisher.egg-info/top_level.txt
[2.638s] reading manifest file '../../build/joint_publisher/joint_publisher.egg-info/SOURCES.txt'
[2.646s] writing manifest file '../../build/joint_publisher/joint_publisher.egg-info/SOURCES.txt'
[2.658s] running build
[2.658s] running build_py
[2.658s] running install
[2.687s] running install_lib
[2.698s] running install_data
[2.698s] running install_egg_info
[2.698s] removing '/home/rafiq/ros2_ws/install/joint_publisher/lib/python3.10/site-packages/joint_publisher-0.0.0-py3.10.egg-info' (and everything under it)
[2.735s] Copying ../../build/joint_publisher/joint_publisher.egg-info to /home/rafiq/ros2_ws/install/joint_publisher/lib/python3.10/site-packages/joint_publisher-0.0.0-py3.10.egg-info
[2.736s] running install_scripts
[2.858s] Installing joint_publisher script to /home/rafiq/ros2_ws/install/joint_publisher/lib/joint_publisher
[2.934s] writing list of installed files to '/home/rafiq/ros2_ws/build/joint_publisher/install.log'
[2.980s] Invoked command in '/home/rafiq/ros2_ws/src/joint_publisher' returned '0': PYTHONPATH=/home/rafiq/ros2_ws/build/joint_publisher/prefix_override:/usr/lib/python3/dist-packages/colcon_core/task/python/colcon_distutils_commands:/home/rafiq/ros2_ws/install/joint_publisher/lib/python3.10/site-packages:${PYTHONPATH} /usr/bin/python3 -W ignore:setup.py install is deprecated -W ignore:easy_install command is deprecated setup.py egg_info --egg-base ../../build/joint_publisher build --build-base /home/rafiq/ros2_ws/build/joint_publisher/build install --record /home/rafiq/ros2_ws/build/joint_publisher/install.log --single-version-externally-managed install_data
