[2.126s] DEBUG:colcon:Command line arguments: ['/usr/bin/colcon', 'build']
[2.128s] DEBUG:colcon:Parsed command line arguments: Namespace(log_base=None, log_level=None, verb_name='build', build_base='build', install_base='install', merge_install=False, symlink_install=False, test_result_base=None, continue_on_error=False, executor='parallel', parallel_workers=2, event_handlers=None, ignore_user_meta=False, metas=['./colcon.meta'], base_paths=['.'], packages_ignore=None, packages_ignore_regex=None, paths=None, packages_up_to=None, packages_up_to_regex=None, packages_above=None, packages_above_and_dependencies=None, packages_above_depth=None, packages_select_by_dep=None, packages_skip_by_dep=None, packages_skip_up_to=None, packages_select_build_failed=False, packages_skip_build_finished=False, packages_select_test_failures=False, packages_skip_test_passed=False, packages_select=None, packages_skip=None, packages_select_regex=None, packages_skip_regex=None, packages_start=None, packages_end=None, allow_overriding=[], cmake_args=None, cmake_target=None, cmake_target_skip_unavailable=False, cmake_clean_cache=False, cmake_clean_first=False, cmake_force_configure=False, ament_cmake_args=None, catkin_cmake_args=None, catkin_skip_building_tests=False, verb_parser=<colcon_defaults.argument_parser.defaults.DefaultArgumentsDecorator object at 0x7982c52331f0>, verb_extension=<colcon_core.verb.build.BuildVerb object at 0x7982c5380670>, main=<bound method BuildVerb.main of <colcon_core.verb.build.BuildVerb object at 0x7982c5380670>>)
[5.508s] Level 1:colcon.colcon_core.package_discovery:discover_packages(colcon_meta) check parameters
[5.510s] Level 1:colcon.colcon_core.package_discovery:discover_packages(recursive) check parameters
[5.510s] Level 1:colcon.colcon_core.package_discovery:discover_packages(ignore) check parameters
[5.510s] Level 1:colcon.colcon_core.package_discovery:discover_packages(path) check parameters
[5.510s] Level 1:colcon.colcon_core.package_discovery:discover_packages(colcon_meta) discover
[5.510s] Level 1:colcon.colcon_core.package_discovery:discover_packages(recursive) discover
[5.510s] INFO:colcon.colcon_core.package_discovery:Crawling recursively for packages in '/home/rafiq/ros2_ws'
[5.510s] Level 1:colcon.colcon_core.package_identification:_identify(.) by extensions ['ignore', 'ignore_ament_install']
[5.511s] Level 1:colcon.colcon_core.package_identification:_identify(.) by extension 'ignore'
[5.514s] Level 1:colcon.colcon_core.package_identification:_identify(.) by extension 'ignore_ament_install'
[5.515s] Level 1:colcon.colcon_core.package_identification:_identify(.) by extensions ['colcon_pkg']
[5.515s] Level 1:colcon.colcon_core.package_identification:_identify(.) by extension 'colcon_pkg'
[5.517s] Level 1:colcon.colcon_core.package_identification:_identify(.) by extensions ['colcon_meta']
[5.517s] Level 1:colcon.colcon_core.package_identification:_identify(.) by extension 'colcon_meta'
[5.517s] Level 1:colcon.colcon_core.package_identification:_identify(.) by extensions ['ros']
[5.517s] Level 1:colcon.colcon_core.package_identification:_identify(.) by extension 'ros'
[5.671s] Level 1:colcon.colcon_core.package_identification:_identify(.) by extensions ['cmake', 'python']
[5.671s] Level 1:colcon.colcon_core.package_identification:_identify(.) by extension 'cmake'
[5.672s] Level 1:colcon.colcon_core.package_identification:_identify(.) by extension 'python'
[5.672s] Level 1:colcon.colcon_core.package_identification:_identify(.) by extensions ['python_setup_py']
[5.672s] Level 1:colcon.colcon_core.package_identification:_identify(.) by extension 'python_setup_py'
[5.672s] Level 1:colcon.colcon_core.package_identification:_identify(build) by extensions ['ignore', 'ignore_ament_install']
[5.672s] Level 1:colcon.colcon_core.package_identification:_identify(build) by extension 'ignore'
[5.673s] Level 1:colcon.colcon_core.package_identification:_identify(build) ignored
[5.674s] Level 1:colcon.colcon_core.package_identification:_identify(install) by extensions ['ignore', 'ignore_ament_install']
[5.674s] Level 1:colcon.colcon_core.package_identification:_identify(install) by extension 'ignore'
[5.674s] Level 1:colcon.colcon_core.package_identification:_identify(install) ignored
[5.674s] Level 1:colcon.colcon_core.package_identification:_identify(log) by extensions ['ignore', 'ignore_ament_install']
[5.674s] Level 1:colcon.colcon_core.package_identification:_identify(log) by extension 'ignore'
[5.675s] Level 1:colcon.colcon_core.package_identification:_identify(log) ignored
[5.675s] Level 1:colcon.colcon_core.package_identification:_identify(src) by extensions ['ignore', 'ignore_ament_install']
[5.675s] Level 1:colcon.colcon_core.package_identification:_identify(src) by extension 'ignore'
[5.675s] Level 1:colcon.colcon_core.package_identification:_identify(src) by extension 'ignore_ament_install'
[5.675s] Level 1:colcon.colcon_core.package_identification:_identify(src) by extensions ['colcon_pkg']
[5.675s] Level 1:colcon.colcon_core.package_identification:_identify(src) by extension 'colcon_pkg'
[5.675s] Level 1:colcon.colcon_core.package_identification:_identify(src) by extensions ['colcon_meta']
[5.675s] Level 1:colcon.colcon_core.package_identification:_identify(src) by extension 'colcon_meta'
[5.675s] Level 1:colcon.colcon_core.package_identification:_identify(src) by extensions ['ros']
[5.675s] Level 1:colcon.colcon_core.package_identification:_identify(src) by extension 'ros'
[5.676s] Level 1:colcon.colcon_core.package_identification:_identify(src) by extensions ['cmake', 'python']
[5.676s] Level 1:colcon.colcon_core.package_identification:_identify(src) by extension 'cmake'
[5.676s] Level 1:colcon.colcon_core.package_identification:_identify(src) by extension 'python'
[5.676s] Level 1:colcon.colcon_core.package_identification:_identify(src) by extensions ['python_setup_py']
[5.676s] Level 1:colcon.colcon_core.package_identification:_identify(src) by extension 'python_setup_py'
[5.678s] Level 1:colcon.colcon_core.package_identification:_identify(src/joint_publisher) by extensions ['ignore', 'ignore_ament_install']
[5.679s] Level 1:colcon.colcon_core.package_identification:_identify(src/joint_publisher) by extension 'ignore'
[5.680s] Level 1:colcon.colcon_core.package_identification:_identify(src/joint_publisher) by extension 'ignore_ament_install'
[5.681s] Level 1:colcon.colcon_core.package_identification:_identify(src/joint_publisher) by extensions ['colcon_pkg']
[5.681s] Level 1:colcon.colcon_core.package_identification:_identify(src/joint_publisher) by extension 'colcon_pkg'
[5.681s] Level 1:colcon.colcon_core.package_identification:_identify(src/joint_publisher) by extensions ['colcon_meta']
[5.681s] Level 1:colcon.colcon_core.package_identification:_identify(src/joint_publisher) by extension 'colcon_meta'
[5.682s] Level 1:colcon.colcon_core.package_identification:_identify(src/joint_publisher) by extensions ['ros']
[5.682s] Level 1:colcon.colcon_core.package_identification:_identify(src/joint_publisher) by extension 'ros'
[5.714s] DEBUG:colcon.colcon_core.package_identification:Package 'src/joint_publisher' with type 'ros.ament_python' and name 'joint_publisher'
[5.717s] Level 1:colcon.colcon_core.package_identification:_identify(src/talker_listener) by extensions ['ignore', 'ignore_ament_install']
[5.719s] Level 1:colcon.colcon_core.package_identification:_identify(src/talker_listener) by extension 'ignore'
[5.719s] Level 1:colcon.colcon_core.package_identification:_identify(src/talker_listener) by extension 'ignore_ament_install'
[5.720s] Level 1:colcon.colcon_core.package_identification:_identify(src/talker_listener) by extensions ['colcon_pkg']
[5.721s] Level 1:colcon.colcon_core.package_identification:_identify(src/talker_listener) by extension 'colcon_pkg'
[5.721s] Level 1:colcon.colcon_core.package_identification:_identify(src/talker_listener) by extensions ['colcon_meta']
[5.721s] Level 1:colcon.colcon_core.package_identification:_identify(src/talker_listener) by extension 'colcon_meta'
[5.722s] Level 1:colcon.colcon_core.package_identification:_identify(src/talker_listener) by extensions ['ros']
[5.722s] Level 1:colcon.colcon_core.package_identification:_identify(src/talker_listener) by extension 'ros'
[5.727s] DEBUG:colcon.colcon_core.package_identification:Package 'src/talker_listener' with type 'ros.ament_python' and name 'talker_listener'
[5.727s] Level 1:colcon.colcon_core.package_discovery:discover_packages(recursive) using defaults
[5.728s] Level 1:colcon.colcon_core.package_discovery:discover_packages(ignore) discover
[5.728s] Level 1:colcon.colcon_core.package_discovery:discover_packages(ignore) using defaults
[5.728s] Level 1:colcon.colcon_core.package_discovery:discover_packages(path) discover
[5.728s] Level 1:colcon.colcon_core.package_discovery:discover_packages(path) using defaults
[6.136s] Level 1:colcon.colcon_core.package_discovery:discover_packages(prefix_path) check parameters
[6.136s] Level 1:colcon.colcon_core.package_discovery:discover_packages(prefix_path) discover
[6.177s] DEBUG:colcon.colcon_installed_package_information.package_discovery:Found 344 installed packages in /opt/ros/humble
[6.245s] Level 1:colcon.colcon_core.package_discovery:discover_packages(prefix_path) using defaults
[6.519s] Level 5:colcon.colcon_core.verb:set package 'joint_publisher' build argument 'cmake_args' from command line to 'None'
[6.519s] Level 5:colcon.colcon_core.verb:set package 'joint_publisher' build argument 'cmake_target' from command line to 'None'
[6.519s] Level 5:colcon.colcon_core.verb:set package 'joint_publisher' build argument 'cmake_target_skip_unavailable' from command line to 'False'
[6.519s] Level 5:colcon.colcon_core.verb:set package 'joint_publisher' build argument 'cmake_clean_cache' from command line to 'False'
[6.520s] Level 5:colcon.colcon_core.verb:set package 'joint_publisher' build argument 'cmake_clean_first' from command line to 'False'
[6.520s] Level 5:colcon.colcon_core.verb:set package 'joint_publisher' build argument 'cmake_force_configure' from command line to 'False'
[6.520s] Level 5:colcon.colcon_core.verb:set package 'joint_publisher' build argument 'ament_cmake_args' from command line to 'None'
[6.520s] Level 5:colcon.colcon_core.verb:set package 'joint_publisher' build argument 'catkin_cmake_args' from command line to 'None'
[6.520s] Level 5:colcon.colcon_core.verb:set package 'joint_publisher' build argument 'catkin_skip_building_tests' from command line to 'False'
[6.520s] DEBUG:colcon.colcon_core.verb:Building package 'joint_publisher' with the following arguments: {'ament_cmake_args': None, 'build_base': '/home/rafiq/ros2_ws/build/joint_publisher', 'catkin_cmake_args': None, 'catkin_skip_building_tests': False, 'cmake_args': None, 'cmake_clean_cache': False, 'cmake_clean_first': False, 'cmake_force_configure': False, 'cmake_target': None, 'cmake_target_skip_unavailable': False, 'install_base': '/home/rafiq/ros2_ws/install/joint_publisher', 'merge_install': False, 'path': '/home/rafiq/ros2_ws/src/joint_publisher', 'symlink_install': False, 'test_result_base': None}
[6.521s] Level 5:colcon.colcon_core.verb:set package 'talker_listener' build argument 'cmake_args' from command line to 'None'
[6.521s] Level 5:colcon.colcon_core.verb:set package 'talker_listener' build argument 'cmake_target' from command line to 'None'
[6.521s] Level 5:colcon.colcon_core.verb:set package 'talker_listener' build argument 'cmake_target_skip_unavailable' from command line to 'False'
[6.521s] Level 5:colcon.colcon_core.verb:set package 'talker_listener' build argument 'cmake_clean_cache' from command line to 'False'
[6.521s] Level 5:colcon.colcon_core.verb:set package 'talker_listener' build argument 'cmake_clean_first' from command line to 'False'
[6.521s] Level 5:colcon.colcon_core.verb:set package 'talker_listener' build argument 'cmake_force_configure' from command line to 'False'
[6.521s] Level 5:colcon.colcon_core.verb:set package 'talker_listener' build argument 'ament_cmake_args' from command line to 'None'
[6.521s] Level 5:colcon.colcon_core.verb:set package 'talker_listener' build argument 'catkin_cmake_args' from command line to 'None'
[6.521s] Level 5:colcon.colcon_core.verb:set package 'talker_listener' build argument 'catkin_skip_building_tests' from command line to 'False'
[6.521s] DEBUG:colcon.colcon_core.verb:Building package 'talker_listener' with the following arguments: {'ament_cmake_args': None, 'build_base': '/home/rafiq/ros2_ws/build/talker_listener', 'catkin_cmake_args': None, 'catkin_skip_building_tests': False, 'cmake_args': None, 'cmake_clean_cache': False, 'cmake_clean_first': False, 'cmake_force_configure': False, 'cmake_target': None, 'cmake_target_skip_unavailable': False, 'install_base': '/home/rafiq/ros2_ws/install/talker_listener', 'merge_install': False, 'path': '/home/rafiq/ros2_ws/src/talker_listener', 'symlink_install': False, 'test_result_base': None}
[6.521s] INFO:colcon.colcon_core.executor:Executing jobs using 'parallel' executor
[6.527s] DEBUG:colcon.colcon_parallel_executor.executor.parallel:run_until_complete
[6.528s] INFO:colcon.colcon_ros.task.ament_python.build:Building ROS package in '/home/rafiq/ros2_ws/src/joint_publisher' with build type 'ament_python'
[6.528s] Level 1:colcon.colcon_core.shell:create_environment_hook('joint_publisher', 'ament_prefix_path')
[6.615s] INFO:colcon.colcon_core.plugin_system:Skipping extension 'colcon_core.shell.bat': Not used on non-Windows systems
[6.615s] INFO:colcon.colcon_core.shell:Creating environment hook '/home/rafiq/ros2_ws/install/joint_publisher/share/joint_publisher/hook/ament_prefix_path.ps1'
[6.621s] INFO:colcon.colcon_core.shell:Creating environment descriptor '/home/rafiq/ros2_ws/install/joint_publisher/share/joint_publisher/hook/ament_prefix_path.dsv'
[6.623s] INFO:colcon.colcon_core.shell:Creating environment hook '/home/rafiq/ros2_ws/install/joint_publisher/share/joint_publisher/hook/ament_prefix_path.sh'
[6.627s] INFO:colcon.colcon_core.shell:Skip shell extension 'powershell' for command environment: Not usable outside of PowerShell
[6.627s] DEBUG:colcon.colcon_core.shell:Skip shell extension 'dsv' for command environment
[6.635s] INFO:colcon.colcon_ros.task.ament_python.build:Building ROS package in '/home/rafiq/ros2_ws/src/talker_listener' with build type 'ament_python'
[6.635s] Level 1:colcon.colcon_core.shell:create_environment_hook('talker_listener', 'ament_prefix_path')
[6.635s] INFO:colcon.colcon_core.shell:Creating environment hook '/home/rafiq/ros2_ws/install/talker_listener/share/talker_listener/hook/ament_prefix_path.ps1'
[6.643s] INFO:colcon.colcon_core.shell:Creating environment descriptor '/home/rafiq/ros2_ws/install/talker_listener/share/talker_listener/hook/ament_prefix_path.dsv'
[6.655s] INFO:colcon.colcon_core.shell:Creating environment hook '/home/rafiq/ros2_ws/install/talker_listener/share/talker_listener/hook/ament_prefix_path.sh'
[6.658s] INFO:colcon.colcon_core.shell:Skip shell extension 'powershell' for command environment: Not usable outside of PowerShell
[6.660s] DEBUG:colcon.colcon_core.shell:Skip shell extension 'dsv' for command environment
[8.704s] INFO:colcon.colcon_core.task.python.build:Building Python package in '/home/rafiq/ros2_ws/src/joint_publisher'
[8.704s] INFO:colcon.colcon_core.shell:Skip shell extension 'powershell' for command environment: Not usable outside of PowerShell
[8.704s] DEBUG:colcon.colcon_core.shell:Skip shell extension 'dsv' for command environment
[9.207s] INFO:colcon.colcon_core.task.python.build:Building Python package in '/home/rafiq/ros2_ws/src/talker_listener'
[9.207s] INFO:colcon.colcon_core.shell:Skip shell extension 'powershell' for command environment: Not usable outside of PowerShell
[9.207s] DEBUG:colcon.colcon_core.shell:Skip shell extension 'dsv' for command environment
[12.129s] DEBUG:colcon.colcon_core.event_handler.log_command:Invoking command in '/home/rafiq/ros2_ws/src/joint_publisher': PYTHONPATH=/home/rafiq/ros2_ws/build/joint_publisher/prefix_override:/usr/lib/python3/dist-packages/colcon_core/task/python/colcon_distutils_commands:/home/rafiq/ros2_ws/install/joint_publisher/lib/python3.10/site-packages:${PYTHONPATH} /usr/bin/python3 -W ignore:setup.py install is deprecated -W ignore:easy_install command is deprecated setup.py egg_info --egg-base ../../build/joint_publisher build --build-base /home/rafiq/ros2_ws/build/joint_publisher/build install --record /home/rafiq/ros2_ws/build/joint_publisher/install.log --single-version-externally-managed install_data
[12.151s] DEBUG:colcon.colcon_core.event_handler.log_command:Invoking command in '/home/rafiq/ros2_ws/src/talker_listener': PYTHONPATH=/home/rafiq/ros2_ws/build/talker_listener/prefix_override:/usr/lib/python3/dist-packages/colcon_core/task/python/colcon_distutils_commands:/home/rafiq/ros2_ws/install/talker_listener/lib/python3.10/site-packages:${PYTHONPATH} /usr/bin/python3 -W ignore:setup.py install is deprecated -W ignore:easy_install command is deprecated setup.py egg_info --egg-base ../../build/talker_listener build --build-base /home/rafiq/ros2_ws/build/talker_listener/build install --record /home/rafiq/ros2_ws/build/talker_listener/install.log --single-version-externally-managed install_data
[12.910s] DEBUG:colcon.colcon_core.event_handler.log_command:Invoked command in '/home/rafiq/ros2_ws/src/joint_publisher' returned '0': PYTHONPATH=/home/rafiq/ros2_ws/build/joint_publisher/prefix_override:/usr/lib/python3/dist-packages/colcon_core/task/python/colcon_distutils_commands:/home/rafiq/ros2_ws/install/joint_publisher/lib/python3.10/site-packages:${PYTHONPATH} /usr/bin/python3 -W ignore:setup.py install is deprecated -W ignore:easy_install command is deprecated setup.py egg_info --egg-base ../../build/joint_publisher build --build-base /home/rafiq/ros2_ws/build/joint_publisher/build install --record /home/rafiq/ros2_ws/build/joint_publisher/install.log --single-version-externally-managed install_data
[12.992s] Level 1:colcon.colcon_core.environment:checking '/home/rafiq/ros2_ws/install/joint_publisher' for CMake module files
[12.997s] Level 1:colcon.colcon_core.environment:checking '/home/rafiq/ros2_ws/install/joint_publisher' for CMake config files
[12.999s] Level 1:colcon.colcon_core.environment:checking '/home/rafiq/ros2_ws/install/joint_publisher/lib'
[13.000s] Level 1:colcon.colcon_core.environment:checking '/home/rafiq/ros2_ws/install/joint_publisher/bin'
[13.000s] Level 1:colcon.colcon_core.environment:checking '/home/rafiq/ros2_ws/install/joint_publisher/lib/pkgconfig/joint_publisher.pc'
[13.002s] Level 1:colcon.colcon_core.environment:checking '/home/rafiq/ros2_ws/install/joint_publisher/lib/python3.10/site-packages'
[13.002s] Level 1:colcon.colcon_core.shell:create_environment_hook('joint_publisher', 'pythonpath')
[13.003s] INFO:colcon.colcon_core.shell:Creating environment hook '/home/rafiq/ros2_ws/install/joint_publisher/share/joint_publisher/hook/pythonpath.ps1'
[13.006s] INFO:colcon.colcon_core.shell:Creating environment descriptor '/home/rafiq/ros2_ws/install/joint_publisher/share/joint_publisher/hook/pythonpath.dsv'
[13.008s] INFO:colcon.colcon_core.shell:Creating environment hook '/home/rafiq/ros2_ws/install/joint_publisher/share/joint_publisher/hook/pythonpath.sh'
[13.012s] Level 1:colcon.colcon_core.environment:checking '/home/rafiq/ros2_ws/install/joint_publisher/bin'
[13.012s] Level 1:colcon.colcon_core.environment:create_environment_scripts_only(joint_publisher)
[13.014s] INFO:colcon.colcon_core.shell:Creating package script '/home/rafiq/ros2_ws/install/joint_publisher/share/joint_publisher/package.ps1'
[13.018s] INFO:colcon.colcon_core.shell:Creating package descriptor '/home/rafiq/ros2_ws/install/joint_publisher/share/joint_publisher/package.dsv'
[13.021s] INFO:colcon.colcon_core.shell:Creating package script '/home/rafiq/ros2_ws/install/joint_publisher/share/joint_publisher/package.sh'
[13.025s] INFO:colcon.colcon_core.shell:Creating package script '/home/rafiq/ros2_ws/install/joint_publisher/share/joint_publisher/package.bash'
[13.032s] INFO:colcon.colcon_core.shell:Creating package script '/home/rafiq/ros2_ws/install/joint_publisher/share/joint_publisher/package.zsh'
[13.055s] Level 1:colcon.colcon_core.environment:create_file_with_runtime_dependencies(/home/rafiq/ros2_ws/install/joint_publisher/share/colcon-core/packages/joint_publisher)
[13.063s] Level 1:colcon.colcon_core.environment:checking '/home/rafiq/ros2_ws/install/talker_listener' for CMake module files
[13.095s] Level 1:colcon.colcon_core.environment:checking '/home/rafiq/ros2_ws/install/talker_listener' for CMake config files
[13.099s] Level 1:colcon.colcon_core.environment:checking '/home/rafiq/ros2_ws/install/talker_listener/lib'
[13.099s] Level 1:colcon.colcon_core.environment:checking '/home/rafiq/ros2_ws/install/talker_listener/bin'
[13.099s] Level 1:colcon.colcon_core.environment:checking '/home/rafiq/ros2_ws/install/talker_listener/lib/pkgconfig/talker_listener.pc'
[13.100s] Level 1:colcon.colcon_core.environment:checking '/home/rafiq/ros2_ws/install/talker_listener/lib/python3.10/site-packages'
[13.100s] Level 1:colcon.colcon_core.shell:create_environment_hook('talker_listener', 'pythonpath')
[13.101s] INFO:colcon.colcon_core.shell:Creating environment hook '/home/rafiq/ros2_ws/install/talker_listener/share/talker_listener/hook/pythonpath.ps1'
[13.102s] INFO:colcon.colcon_core.shell:Creating environment descriptor '/home/rafiq/ros2_ws/install/talker_listener/share/talker_listener/hook/pythonpath.dsv'
[13.104s] INFO:colcon.colcon_core.shell:Creating environment hook '/home/rafiq/ros2_ws/install/talker_listener/share/talker_listener/hook/pythonpath.sh'
[13.107s] Level 1:colcon.colcon_core.environment:checking '/home/rafiq/ros2_ws/install/talker_listener/bin'
[13.107s] Level 1:colcon.colcon_core.environment:create_environment_scripts_only(talker_listener)
[13.114s] INFO:colcon.colcon_core.shell:Creating package script '/home/rafiq/ros2_ws/install/talker_listener/share/talker_listener/package.ps1'
[13.165s] DEBUG:colcon.colcon_core.event_handler.log_command:Invoked command in '/home/rafiq/ros2_ws/src/talker_listener' returned '0': PYTHONPATH=/home/rafiq/ros2_ws/build/talker_listener/prefix_override:/usr/lib/python3/dist-packages/colcon_core/task/python/colcon_distutils_commands:/home/rafiq/ros2_ws/install/talker_listener/lib/python3.10/site-packages:${PYTHONPATH} /usr/bin/python3 -W ignore:setup.py install is deprecated -W ignore:easy_install command is deprecated setup.py egg_info --egg-base ../../build/talker_listener build --build-base /home/rafiq/ros2_ws/build/talker_listener/build install --record /home/rafiq/ros2_ws/build/talker_listener/install.log --single-version-externally-managed install_data
[13.167s] INFO:colcon.colcon_core.shell:Creating package descriptor '/home/rafiq/ros2_ws/install/talker_listener/share/talker_listener/package.dsv'
[13.182s] INFO:colcon.colcon_core.shell:Creating package script '/home/rafiq/ros2_ws/install/talker_listener/share/talker_listener/package.sh'
[13.193s] INFO:colcon.colcon_core.shell:Creating package script '/home/rafiq/ros2_ws/install/talker_listener/share/talker_listener/package.bash'
[13.195s] INFO:colcon.colcon_core.shell:Creating package script '/home/rafiq/ros2_ws/install/talker_listener/share/talker_listener/package.zsh'
[13.238s] Level 1:colcon.colcon_core.environment:create_file_with_runtime_dependencies(/home/rafiq/ros2_ws/install/talker_listener/share/colcon-core/packages/talker_listener)
[13.242s] DEBUG:colcon.colcon_parallel_executor.executor.parallel:closing loop
[13.242s] DEBUG:colcon.colcon_parallel_executor.executor.parallel:loop closed
[13.247s] DEBUG:colcon.colcon_parallel_executor.executor.parallel:run_until_complete finished with '0'
[13.247s] DEBUG:colcon.colcon_core.event_reactor:joining thread
[13.345s] INFO:colcon.colcon_core.plugin_system:Skipping extension 'colcon_notification.desktop_notification.terminal_notifier': Not used on non-Darwin systems
[13.345s] INFO:colcon.colcon_core.plugin_system:Skipping extension 'colcon_notification.desktop_notification.win32': Not used on non-Windows systems
[13.345s] INFO:colcon.colcon_notification.desktop_notification:Sending desktop notification using 'notify2'
[13.757s] DEBUG:colcon.colcon_core.event_reactor:joined thread
[13.758s] INFO:colcon.colcon_core.shell:Creating prefix script '/home/rafiq/ros2_ws/install/local_setup.ps1'
[13.766s] INFO:colcon.colcon_core.shell:Creating prefix util module '/home/rafiq/ros2_ws/install/_local_setup_util_ps1.py'
[13.799s] INFO:colcon.colcon_core.shell:Creating prefix chain script '/home/rafiq/ros2_ws/install/setup.ps1'
[13.816s] INFO:colcon.colcon_core.shell:Creating prefix script '/home/rafiq/ros2_ws/install/local_setup.sh'
[13.830s] INFO:colcon.colcon_core.shell:Creating prefix util module '/home/rafiq/ros2_ws/install/_local_setup_util_sh.py'
[13.840s] INFO:colcon.colcon_core.shell:Creating prefix chain script '/home/rafiq/ros2_ws/install/setup.sh'
[13.853s] INFO:colcon.colcon_core.shell:Creating prefix script '/home/rafiq/ros2_ws/install/local_setup.bash'
[13.865s] INFO:colcon.colcon_core.shell:Creating prefix chain script '/home/rafiq/ros2_ws/install/setup.bash'
[13.870s] INFO:colcon.colcon_core.shell:Creating prefix script '/home/rafiq/ros2_ws/install/local_setup.zsh'
[13.880s] INFO:colcon.colcon_core.shell:Creating prefix chain script '/home/rafiq/ros2_ws/install/setup.zsh'
